Component: ARM Compiler 5.05 update 1 (build 106) Tool: armlink [4d0efa]

==============================================================================

Section Cross References

    main.o(i.gprs_task) refers to sim800c.o(i.gprs_join_server) for gprs_join_server
    main.o(i.gprs_task) refers to os_time.o(i.OSTimeDlyHMSM) for OSTimeDlyHMSM
    main.o(i.main) refers to delay.o(i.delay_init) for delay_init
    main.o(i.main) refers to misc.o(i.NVIC_PriorityGroupConfig) for NVIC_PriorityGroupConfig
    main.o(i.main) refers to usart.o(i.uart_init) for uart_init
    main.o(i.main) refers to usart3.o(i.usart3_init) for usart3_init
    main.o(i.main) refers to led.o(i.LED_Init) for LED_Init
    main.o(i.main) refers to timer.o(i.TIM3_Int_Init) for TIM3_Int_Init
    main.o(i.main) refers to usart.o(i.send_com) for send_com
    main.o(i.main) refers to os_core.o(i.OSInit) for OSInit
    main.o(i.main) refers to cpu_a.o(.text) for CPU_SR_Save
    main.o(i.main) refers to cpu_core.o(i.CPU_IntDisMeasStart) for CPU_IntDisMeasStart
    main.o(i.main) refers to os_core.o(i.OS_SchedLockTimeMeasStart) for OS_SchedLockTimeMeasStart
    main.o(i.main) refers to cpu_core.o(i.CPU_IntDisMeasStop) for CPU_IntDisMeasStop
    main.o(i.main) refers to os_task.o(i.OSTaskCreate) for OSTaskCreate
    main.o(i.main) refers to os_core.o(i.OS_SchedLockTimeMeasStop) for OS_SchedLockTimeMeasStop
    main.o(i.main) refers to os_core.o(i.OS_Sched0) for OS_Sched0
    main.o(i.main) refers to os_core.o(i.OSStart) for OSStart
    main.o(i.main) refers to os_var.o(.data) for OSSchedLockNestingCtr
    main.o(i.main) refers to main.o(.bss) for START_TASK_STK
    main.o(i.main) refers to main.o(i.start_task) for start_task
    main.o(i.start_task) refers to cpu_core.o(i.CPU_Init) for CPU_Init
    main.o(i.start_task) refers to os_stat.o(i.OSStatTaskCPUUsageInit) for OSStatTaskCPUUsageInit
    main.o(i.start_task) refers to cpu_core.o(i.CPU_IntDisMeasMaxCurReset) for CPU_IntDisMeasMaxCurReset
    main.o(i.start_task) refers to os_core.o(i.OSSchedRoundRobinCfg) for OSSchedRoundRobinCfg
    main.o(i.start_task) refers to cpu_a.o(.text) for CPU_SR_Save
    main.o(i.start_task) refers to cpu_core.o(i.CPU_IntDisMeasStart) for CPU_IntDisMeasStart
    main.o(i.start_task) refers to os_core.o(i.OS_SchedLockTimeMeasStart) for OS_SchedLockTimeMeasStart
    main.o(i.start_task) refers to cpu_core.o(i.CPU_IntDisMeasStop) for CPU_IntDisMeasStop
    main.o(i.start_task) refers to os_sem.o(i.OSSemCreate) for OSSemCreate
    main.o(i.start_task) refers to os_task.o(i.OSTaskCreate) for OSTaskCreate
    main.o(i.start_task) refers to os_tmr.o(i.OSTmrCreate) for OSTmrCreate
    main.o(i.start_task) refers to os_core.o(i.OS_SchedLockTimeMeasStop) for OS_SchedLockTimeMeasStop
    main.o(i.start_task) refers to os_core.o(i.OS_Sched0) for OS_Sched0
    main.o(i.start_task) refers to os_task.o(i.OSTaskDel) for OSTaskDel
    main.o(i.start_task) refers to os_var.o(.data) for OSSchedLockNestingCtr
    main.o(i.start_task) refers to main.o(.bss) for SYNC_SEM
    main.o(i.start_task) refers to main.o(i.usart1_task) for usart1_task
    main.o(i.start_task) refers to main.o(i.usart3_task) for usart3_task
    main.o(i.start_task) refers to main.o(i.gprs_task) for gprs_task
    main.o(i.start_task) refers to main.o(i.tmr1_callback) for tmr1_callback
    main.o(i.start_task) refers to main.o(i.tmr2_callback) for tmr2_callback
    main.o(i.usart1_task) refers to usart3.o(i.u3_printf) for u3_printf
    main.o(i.usart1_task) refers to os_time.o(i.OSTimeDlyHMSM) for OSTimeDlyHMSM
    main.o(i.usart1_task) refers to usart.o(.data) for USART1_RECEIVE_OK
    main.o(i.usart1_task) refers to usart.o(.bss) for USART1_RX_BUF
    main.o(i.usart3_task) refers to os_time.o(i.OSTimeDlyHMSM) for OSTimeDlyHMSM
    main.o(i.usart3_task) refers to usart3.o(.data) for USART3_RECEIVE_OK
    system_stm32f10x.o(i.SetSysClock) refers to system_stm32f10x.o(i.SetSysClockTo72) for SetSysClockTo72
    system_stm32f10x.o(i.SystemCoreClockUpdate) refers to system_stm32f10x.o(.data) for SystemCoreClock
    system_stm32f10x.o(i.SystemInit) refers to system_stm32f10x.o(i.SetSysClock) for SetSysClock
    led.o(i.LED_Init) refers to stm32f10x_rcc.o(i.RCC_APB2PeriphClockCmd) for RCC_APB2PeriphClockCmd
    led.o(i.LED_Init) refers to stm32f10x_gpio.o(i.GPIO_Init) for GPIO_Init
    timer.o(i.TIM3_IRQHandler) refers to os_core.o(i.OSIntEnter) for OSIntEnter
    timer.o(i.TIM3_IRQHandler) refers to stm32f10x_tim.o(i.TIM_GetITStatus) for TIM_GetITStatus
    timer.o(i.TIM3_IRQHandler) refers to stm32f10x_tim.o(i.TIM_ClearITPendingBit) for TIM_ClearITPendingBit
    timer.o(i.TIM3_IRQHandler) refers to stm32f10x_tim.o(i.TIM_Cmd) for TIM_Cmd
    timer.o(i.TIM3_IRQHandler) refers to os_core.o(i.OSIntExit) for OSIntExit
    timer.o(i.TIM3_IRQHandler) refers to usart3.o(.data) for USART3_RECEIVE_OK
[...]
    RTC_IRQHandler                           0x080002d3   Thumb Code     0  startup_stm32f10x_hd.o(.text)
    SDIO_IRQHandler                          0x080002d3   Thumb Code     0  startup_stm32f10x_hd.o(.text)
    SPI1_IRQHandler                          0x080002d3   Thumb Code     0  startup_stm32f10x_hd.o(.text)
    SPI2_IRQHandler                          0x080002d3   Thumb Code     0  startup_stm32f10x_hd.o(.text)
    SPI3_IRQHandler                          0x080002d3   Thumb Code     0  startup_stm32f10x_hd.o(.text)
    TAMPER_IRQHandler                        0x080002d3   Thumb Code     0  startup_stm32f10x_hd.o(.text)
    TIM1_BRK_IRQHandler                      0x080002d3   Thumb Code     0  startup_stm32f10x_hd.o(.text)
    TIM1_CC_IRQHandler                       0x080002d3   Thumb Code     0  startup_stm32f10x_hd.o(.text)
    TIM1_TRG_COM_IRQHandler                  0x080002d3   Thumb Code     0  startup_stm32f10x_hd.o(.text)
    TIM1_UP_IRQHandler                       0x080002d3   Thumb Code     0  startup_stm32f10x_hd.o(.text)
    TIM2_IRQHandler                          0x080002d3   Thumb Code     0  startup_stm32f10x_hd.o(.text)
    TIM4_IRQHandler                          0x080002d3   Thumb Code     0  startup_stm32f10x_hd.o(.text)
    TIM5_IRQHandler                          0x080002d3   Thumb Code     0  startup_stm32f10x_hd.o(.text)
    TIM6_IRQHandler                          0x080002d3   Thumb Code     0  startup_stm32f10x_hd.o(.text)
    TIM7_IRQHandler                          0x080002d3   Thumb Code     0  startup_stm32f10x_hd.o(.text)
    TIM8_BRK_IRQHandler                      0x080002d3   Thumb Code     0  startup_stm32f10x_hd.o(.text)
    TIM8_CC_IRQHandler                       0x080002d3   Thumb Code     0  startup_stm32f10x_hd.o(.text)
    TIM8_TRG_COM_IRQHandler                  0x080002d3   Thumb Code     0  startup_stm32f10x_hd.o(.text)
    TIM8_UP_IRQHandler                       0x080002d3   Thumb Code     0  startup_stm32f10x_hd.o(.text)
    UART4_IRQHandler                         0x080002d3   Thumb Code     0  startup_stm32f10x_hd.o(.text)
    UART5_IRQHandler                         0x080002d3   Thumb Code     0  startup_stm32f10x_hd.o(.text)
    USART2_IRQHandler                        0x080002d3   Thumb Code     0  startup_stm32f10x_hd.o(.text)
    USBWakeUp_IRQHandler                     0x080002d3   Thumb Code     0  startup_stm32f10x_hd.o(.text)
    USB_HP_CAN1_TX_IRQHandler                0x080002d3   Thumb Code     0  startup_stm32f10x_hd.o(.text)
    USB_LP_CAN1_RX0_IRQHandler               0x080002d3   Thumb Code     0  startup_stm32f10x_hd.o(.text)
    WWDG_IRQHandler                          0x080002d3   Thumb Code     0  startup_stm32f10x_hd.o(.text)
    __user_initial_stackheap                 0x080002d5   Thumb Code     0  startup_stm32f10x_hd.o(.text)
    CPU_IntDis                               0x080002f9   Thumb Code     0  cpu_a.o(.text)
    CPU_IntEn                                0x080002fd   Thumb Code     0  cpu_a.o(.text)
    CPU_SR_Save                              0x08000301   Thumb Code     0  cpu_a.o(.text)
    CPU_SR_Restore                           0x08000309   Thumb Code     0  cpu_a.o(.text)
    CPU_WaitForInt                           0x0800030f   Thumb Code     0  cpu_a.o(.text)
    CPU_WaitForExcept                        0x08000313   Thumb Code     0  cpu_a.o(.text)
    CPU_CntLeadZeros                         0x08000317   Thumb Code     0  cpu_a.o(.text)
    CPU_CntTrailZeros                        0x0800031d   Thumb Code     0  cpu_a.o(.text)
    CPU_RevBits                              0x08000327   Thumb Code     0  cpu_a.o(.text)
    __use_no_semihosting                     0x0800032d   Thumb Code     2  use_no_semi_2.o(.text)
    __c89vsprintf                            0x08000331   Thumb Code    32  c89vsprintf.o(.text)
    strstr                                   0x08000355   Thumb Code    36  strstr.o(.text)
    strlen                                   0x08000379   Thumb Code    62  strlen.o(.text)
    __use_two_region_memory                  0x080003b7   Thumb Code     2  heapauxi.o(.text)
    __rt_heap_escrow$2region                 0x080003b9   Thumb Code     2  heapauxi.o(.text)
    __rt_heap_expand$2region                 0x080003bb   Thumb Code     2  heapauxi.o(.text)
    __I$use$semihosting                      0x080003bd   Thumb Code     0  use_no_semi.o(.text)
    __use_no_semihosting_swi                 0x080003bd   Thumb Code     2  use_no_semi.o(.text)
    _printf_pre_padding                      0x080003bf   Thumb Code    44  _printf_pad.o(.text)
    _printf_post_padding                     0x080003eb   Thumb Code    34  _printf_pad.o(.text)
    _printf_truncate_signed                  0x0800040d   Thumb Code    18  _printf_truncate.o(.text)
    _printf_truncate_unsigned                0x0800041f   Thumb Code    18  _printf_truncate.o(.text)
    _printf_str                              0x08000431   Thumb Code    82  _printf_str.o(.text)
    _printf_int_dec                          0x08000485   Thumb Code   104  _printf_dec.o(.text)
    _printf_charcount                        0x080004fd   Thumb Code    40  _printf_charcount.o(.text)
    _printf_char_common                      0x0800052f   Thumb Code    32  _printf_char_common.o(.text)
    _sputc                                   0x08000555   Thumb Code    10  _sputc.o(.text)
    _printf_wctomb                           0x08000561   Thumb Code   182  _printf_wctomb.o(.text)
    _printf_longlong_dec                     0x0800061d   Thumb Code   108  _printf_longlong_dec.o(.text)
    _printf_longlong_oct                     0x08000699   Thumb Code    68  _printf_oct_int_ll.o(.text)
    _printf_int_oct                          0x080006dd   Thumb Code    24  _printf_oct_int_ll.o(.text)
    _printf_ll_oct                           0x080006f5   Thumb Code    12  _printf_oct_int_ll.o(.text)
    _printf_longlong_hex                     0x08000709   Thumb Code    86  _printf_hex_int_ll_ptr.o(.text)
    _printf_int_hex                          0x0800075f   Thumb Code    28  _printf_hex_int_ll_ptr.o(.text)
    _printf_ll_hex                           0x0800077b   Thumb Code    12  _printf_hex_int_ll_ptr.o(.text)
    _printf_hex_ptr                          0x08000787   Thumb Code    18  _printf_hex_int_ll_ptr.o(.text)
    __printf                                 0x0800079d   Thumb Code   388  __printf_flags_ss_wp.o(.text)
    _ll_udiv10                               0x08000925   Thumb Code   138  lludiv10.o(.text)
    _printf_int_common                       0x080009af   Thumb Code   178  _printf_intcommon.o(.text)
    __lib_sel_fp_printf                      0x08000a61   Thumb Code     2  _printf_fp_dec.o(.text)
    _printf_fp_dec_real                      0x08000c0f   Thumb Code   620  _printf_fp_dec.o(.text)
    _printf_cs_common                        0x08000e7b   Thumb Code    20  _printf_char.o(.text)
    _printf_char                             0x08000e8f   Thumb Code    16  _printf_char.o(.text)
    _printf_string                           0x08000e9f   Thumb Code     8  _printf_char.o(.text)
    _printf_lcs_common                       0x08000ea7   Thumb Code    20  _printf_wchar.o(.text)
    _printf_wchar                            0x08000ebb   Thumb Code    16  _printf_wchar.o(.text)
    _printf_wstring                          0x08000ecb   Thumb Code     8  _printf_wchar.o(.text)
    _wcrtomb                                 0x08000ed3   Thumb Code    64  _wcrtomb.o(.text)
    __user_setup_stackheap                   0x08000f13   Thumb Code    74  sys_stackheap_outer.o(.text)
    __rt_ctype_table                         0x08000f5d   Thumb Code    16  rt_ctype_table.o(.text)
    __rt_locale                              0x08000f6d   Thumb Code     8  rt_locale_intlibspace.o(.text)
    _printf_fp_infnan                        0x08000f75   Thumb Code   112  _printf_fp_infnan.o(.text)
    _btod_etento                             0x08000ff5   Thumb Code   216  bigflt0.o(.text)
    exit                                     0x080010d1   Thumb Code    12  exit.o(.text)
    __user_libspace                          0x080010dd   Thumb Code     8  libspace.o(.text)
    __user_perproc_libspace                  0x080010dd   Thumb Code     0  libspace.o(.text)
    __user_perthread_libspace                0x080010dd   Thumb Code     0  libspace.o(.text)
    strcmp                                   0x080010e5   Thumb Code   128  strcmpv7m.o(.text)
    _btod_d2e                                0x08001165   Thumb Code    62  btod.o(CL$$btod_d2e)
    _d2e_denorm_low                          0x080011a3   Thumb Code    70  btod.o(CL$$btod_d2e_denorm_low)
    _d2e_norm_op1                            0x080011e9   Thumb Code    96  btod.o(CL$$btod_d2e_norm_op1)
    __btod_div_common                        0x08001249   Thumb Code   696  btod.o(CL$$btod_div_common)
    _e2e                                     0x08001581   Thumb Code   198  btod.o(CL$$btod_e2e)
    _btod_ediv                               0x08001647   Thumb Code    40  btod.o(CL$$btod_ediv)
    _btod_emul                               0x0800166f   Thumb Code    40  btod.o(CL$$btod_emul)
    __btod_mult_common                       0x08001697   Thumb Code   580  btod.o(CL$$btod_mult_common)
    OSStartHighRdy                           0x080018dd   Thumb Code     0  os_cpu_a.o(CODE)
    PendSV_Handler                           0x08001913   Thumb Code     0  os_cpu_a.o(CODE)
    BSP_CPU_ClkFreq                          0x08001975   Thumb Code    16  bsp.o(i.BSP_CPU_ClkFreq)
    BusFault_Handler                         0x08001985   Thumb Code     4  stm32f10x_it.o(i.BusFault_Handler)
    CPU_Init                                 0x08001989   Thumb Code    16  cpu_core.o(i.CPU_Init)
    CPU_IntDisMeasMaxCurGet                  0x08001a39   Thumb Code    40  cpu_core.o(i.CPU_IntDisMeasMaxCurGet)
    CPU_IntDisMeasMaxCurReset                0x08001a65   Thumb Code    40  cpu_core.o(i.CPU_IntDisMeasMaxCurReset)
    CPU_IntDisMeasMaxGet                     0x08001a91   Thumb Code    40  cpu_core.o(i.CPU_IntDisMeasMaxGet)
    CPU_IntDisMeasStart                      0x08001abd   Thumb Code    38  cpu_core.o(i.CPU_IntDisMeasStart)
    CPU_IntDisMeasStop                       0x08001af1   Thumb Code    62  cpu_core.o(i.CPU_IntDisMeasStop)
    CPU_NameClr                              0x08001b45   Thumb Code    50  cpu_core.o(i.CPU_NameClr)
    CPU_TS_TmrFreqSet                        0x08001b99   Thumb Code     6  cpu_core.o(i.CPU_TS_TmrFreqSet)
    CPU_TS_TmrInit                           0x08001ba5   Thumb Code    44  bsp.o(i.CPU_TS_TmrInit)
    CPU_TS_TmrRd                             0x08001bd9   Thumb Code     6  bsp.o(i.CPU_TS_TmrRd)
    DebugMon_Handler                         0x08001be5   Thumb Code     2  stm32f10x_it.o(i.DebugMon_Handler)
    GPIO_Init                                0x08001be7   Thumb Code   278  stm32f10x_gpio.o(i.GPIO_Init)
    HardFault_Handler                        0x08001cfd   Thumb Code     4  stm32f10x_it.o(i.HardFault_Handler)
    LED_Init                                 0x08001d01   Thumb Code    78  led.o(i.LED_Init)
    MemManage_Handler                        0x08001d5d   Thumb Code     4  stm32f10x_it.o(i.MemManage_Handler)
    Mem_Clr                                  0x08001d61   Thumb Code    18  lib_mem.o(i.Mem_Clr)
    Mem_Set                                  0x08001d73   Thumb Code    98  lib_mem.o(i.Mem_Set)
    NMI_Handler                              0x08001dd5   Thumb Code     2  stm32f10x_it.o(i.NMI_Handler)
    NVIC_Init                                0x08001dd9   Thumb Code   100  misc.o(i.NVIC_Init)
    NVIC_PriorityGroupConfig                 0x08001e49   Thumb Code    10  misc.o(i.NVIC_PriorityGroupConfig)
    OSCfg_Init                               0x08001e5d   Thumb Code     2  os_cfg_app.o(i.OSCfg_Init)
    OSIdleTaskHook                           0x08001e61   Thumb Code    16  os_cpu_c.o(i.OSIdleTaskHook)
    OSInit                                   0x08001e75   Thumb Code   300  os_core.o(i.OSInit)
    OSInitHook                               0x08002001   Thumb Code    42  os_cpu_c.o(i.OSInitHook)
    OSIntEnter                               0x08002039   Thumb Code    34  os_core.o(i.OSIntEnter)
    OSIntExit                                0x08002065   Thumb Code   192  os_core.o(i.OSIntExit)
    OSSched                                  0x08002149   Thumb Code   134  os_core.o(i.OSSched)
    OSSchedLock                              0x080021f1   Thumb Code   112  os_core.o(i.OSSchedLock)
    OSSchedRoundRobinCfg                     0x0800226d   Thumb Code    96  os_core.o(i.OSSchedRoundRobinCfg)
    OSSchedUnlock                            0x080022d9   Thumb Code   148  os_core.o(i.OSSchedUnlock)
    OSSemCreate                              0x08002379   Thumb Code   210  os_sem.o(i.OSSemCreate)
    OSStart                                  0x0800245d   Thumb Code    78  os_core.o(i.OSStart)
    OSStatReset                              0x080024c5   Thumb Code   316  os_stat.o(i.OSStatReset)
    OSStatTaskCPUUsageInit                   0x0800262d   Thumb Code   228  os_stat.o(i.OSStatTaskCPUUsageInit)
    OSStatTaskHook                           0x0800272d   Thumb Code    16  os_cpu_c.o(i.OSStatTaskHook)
    OSTaskCreate                             0x08002741   Thumb Code   624  os_task.o(i.OSTaskCreate)
    OSTaskCreateHook                         0x080029d5   Thumb Code    20  os_cpu_c.o(i.OSTaskCreateHook)
    OSTaskDel                                0x080029ed   Thumb Code   490  os_task.o(i.OSTaskDel)
    OSTaskDelHook                            0x08002bf5   Thumb Code    20  os_cpu_c.o(i.OSTaskDelHook)
    OSTaskResume                             0x08002c0d   Thumb Code   124  os_task.o(i.OSTaskResume)
    OSTaskReturnHook                         0x08002c95   Thumb Code    20  os_cpu_c.o(i.OSTaskReturnHook)
    OSTaskSemPend                            0x08002cad   Thumb Code   578  os_task.o(i.OSTaskSemPend)
    OSTaskStkChk                             0x08002efd   Thumb Code   220  os_task.o(i.OSTaskStkChk)
    OSTaskStkInit                            0x08002fe1   Thumb Code   188  os_cpu_c.o(i.OSTaskStkInit)
    OSTaskSuspend                            0x080030a1   Thumb Code    78  os_task.o(i.OSTaskSuspend)
    OSTaskSwHook                             0x08003101   Thumb Code   146  os_cpu_c.o(i.OSTaskSwHook)
    OSTimeDly                                0x080031a5   Thumb Code   322  os_time.o(i.OSTimeDly)
    OSTimeDlyHMSM                            0x080032f5   Thumb Code   538  os_time.o(i.OSTimeDlyHMSM)
    OSTimeTick                               0x08003521   Thumb Code    54  os_time.o(i.OSTimeTick)
    OSTimeTickHook                           0x08003565   Thumb Code    16  os_cpu_c.o(i.OSTimeTickHook)
    OSTmrCreate                              0x08003579   Thumb Code   286  os_tmr.o(i.OSTmrCreate)
    OS_Dbg_Init                              0x080036a9   Thumb Code   150  os_dbg.o(i.OS_Dbg_Init)
    OS_FlagInit                              0x0800385d   Thumb Code    14  os_flag.o(i.OS_FlagInit)
    OS_FlagPost                              0x08003875   Thumb Code   626  os_flag.o(i.OS_FlagPost)
    OS_FlagTaskRdy                           0x08003af1   Thumb Code    86  os_flag.o(i.OS_FlagTaskRdy)
    OS_IdleTask                              0x08003b49   Thumb Code    68  os_core.o(i.OS_IdleTask)
    OS_IdleTaskInit                          0x08003b95   Thumb Code    66  os_core.o(i.OS_IdleTaskInit)
    OS_IntQPost                              0x08003c05   Thumb Code   224  os_int.o(i.OS_IntQPost)
    OS_IntQRePost                            0x08003d09   Thumb Code   360  os_int.o(i.OS_IntQRePost)
    OS_IntQTask                              0x08003ead   Thumb Code   182  os_int.o(i.OS_IntQTask)
    OS_IntQTaskInit                          0x08003f75   Thumb Code   206  os_int.o(i.OS_IntQTaskInit)
    OS_MemInit                               0x0800409d   Thumb Code    14  os_mem.o(i.OS_MemInit)
    OS_MsgPoolInit                           0x080040b5   Thumb Code   110  os_msg.o(i.OS_MsgPoolInit)
    OS_MsgQFreeAll                           0x08004131   Thumb Code    62  os_msg.o(i.OS_MsgQFreeAll)
    OS_MsgQInit                              0x08004175   Thumb Code    14  os_msg.o(i.OS_MsgQInit)
    OS_MsgQPut                               0x08004185   Thumb Code   254  os_msg.o(i.OS_MsgQPut)
    OS_MutexInit                             0x08004289   Thumb Code    14  os_mutex.o(i.OS_MutexInit)
    OS_Pend                                  0x080042a1   Thumb Code    98  os_core.o(i.OS_Pend)
    OS_PendDataInit                          0x08004309   Thumb Code    38  os_core.o(i.OS_PendDataInit)
    OS_PendDbgNameAdd                        0x08004331   Thumb Code    66  os_core.o(i.OS_PendDbgNameAdd)
    OS_PendDbgNameRemove                     0x0800438d   Thumb Code    30  os_core.o(i.OS_PendDbgNameRemove)
    OS_PendListInit                          0x080043b1   Thumb Code    10  os_core.o(i.OS_PendListInit)
    OS_PendListInsertPrio                    0x080043bb   Thumb Code   102  os_core.o(i.OS_PendListInsertPrio)
    OS_PendListRemove                        0x08004421   Thumb Code    48  os_core.o(i.OS_PendListRemove)
    OS_PendListRemove1                       0x08004451   Thumb Code    66  os_core.o(i.OS_PendListRemove1)
    OS_Post                                  0x08004493   Thumb Code   192  os_core.o(i.OS_Post)
    OS_Post1                                 0x08004553   Thumb Code    42  os_core.o(i.OS_Post1)
    OS_PrioGetHighest                        0x0800457d   Thumb Code    36  os_prio.o(i.OS_PrioGetHighest)
    OS_PrioInit                              0x080045a5   Thumb Code    20  os_prio.o(i.OS_PrioInit)
    OS_PrioInsert                            0x080045bd   Thumb Code    32  os_prio.o(i.OS_PrioInsert)
    OS_PrioRemove                            0x080045e1   Thumb Code    32  os_prio.o(i.OS_PrioRemove)
    OS_QInit                                 0x08004605   Thumb Code    14  os_q.o(i.OS_QInit)
    OS_QPost                                 0x0800461d   Thumb Code   382  os_q.o(i.OS_QPost)
    OS_RdyListInit                           0x080047a5   Thumb Code    32  os_core.o(i.OS_RdyListInit)
    OS_RdyListInsert                         0x080047c9   Thumb Code    40  os_core.o(i.OS_RdyListInsert)
    OS_RdyListInsertHead                     0x080047f5   Thumb Code    58  os_core.o(i.OS_RdyListInsertHead)
    OS_RdyListInsertTail                     0x08004835   Thumb Code    56  os_core.o(i.OS_RdyListInsertTail)
    OS_RdyListMoveHeadToTail                 0x08004871   Thumb Code    68  os_core.o(i.OS_RdyListMoveHeadToTail)
    OS_RdyListRemove                         0x080048b5   Thumb Code    86  os_core.o(i.OS_RdyListRemove)
    OS_Sched0                                0x08004911   Thumb Code    72  os_core.o(i.OS_Sched0)
    OS_SchedLockTimeMeasStart                0x0800496d   Thumb Code    20  os_core.o(i.OS_SchedLockTimeMeasStart)
    OS_SchedLockTimeMeasStop                 0x08004989   Thumb Code    44  os_core.o(i.OS_SchedLockTimeMeasStop)
    OS_SchedRoundRobin                       0x080049c5   Thumb Code   218  os_core.o(i.OS_SchedRoundRobin)
    OS_SemDbgListAdd                         0x08004ab1   Thumb Code    38  os_sem.o(i.OS_SemDbgListAdd)
    OS_SemInit                               0x08004ae1   Thumb Code    14  os_sem.o(i.OS_SemInit)
    OS_SemPost                               0x08004af9   Thumb Code   404  os_sem.o(i.OS_SemPost)
    OS_StatTask                              0x08004c91   Thumb Code   878  os_stat.o(i.OS_StatTask)
    OS_StatTaskInit                          0x08005049   Thumb Code   136  os_stat.o(i.OS_StatTaskInit)
    OS_TaskBlock                             0x08005115   Thumb Code    56  os_core.o(i.OS_TaskBlock)
    OS_TaskDbgListAdd                        0x0800514d   Thumb Code    42  os_task.o(i.OS_TaskDbgListAdd)
    OS_TaskDbgListRemove                     0x0800517d   Thumb Code    64  os_task.o(i.OS_TaskDbgListRemove)
    OS_TaskInit                              0x080051c1   Thumb Code    18  os_task.o(i.OS_TaskInit)
    OS_TaskInitTCB                           0x080051e1   Thumb Code   194  os_task.o(i.OS_TaskInitTCB)
    OS_TaskQPost                             0x080052b1   Thumb Code   606  os_task.o(i.OS_TaskQPost)
    OS_TaskRdy                               0x0800551d   Thumb Code    28  os_core.o(i.OS_TaskRdy)
    OS_TaskResume                            0x08005539   Thumb Code   374  os_task.o(i.OS_TaskResume)
    OS_TaskReturn                            0x080056b5   Thumb Code    20  os_task.o(i.OS_TaskReturn)
    OS_TaskSemPost                           0x080056cd   Thumb Code  1438  os_task.o(i.OS_TaskSemPost)
    OS_TaskSuspend                           0x08005c75   Thumb Code   392  os_task.o(i.OS_TaskSuspend)
    OS_TickListInit                          0x08005e05   Thumb Code    32  os_tick.o(i.OS_TickListInit)
    OS_TickListInsert                        0x08005e2d   Thumb Code   430  os_tick.o(i.OS_TickListInsert)
    OS_TickListRemove                        0x08005fe9   Thumb Code    56  os_tick.o(i.OS_TickListRemove)
    OS_TickListResetPeak                     0x08006021   Thumb Code    28  os_tick.o(i.OS_TickListResetPeak)
    OS_TickListUpdate                        0x08006045   Thumb Code   520  os_tick.o(i.OS_TickListUpdate)
    OS_TickTask                              0x08006265   Thumb Code    38  os_tick.o(i.OS_TickTask)
    OS_TickTaskInit                          0x08006291   Thumb Code   128  os_tick.o(i.OS_TickTaskInit)
    OS_TmrDbgListAdd                         0x08006349   Thumb Code    34  os_tmr.o(i.OS_TmrDbgListAdd)
    OS_TmrInit                               0x08006371   Thumb Code   206  os_tmr.o(i.OS_TmrInit)
    OS_TmrLink                               0x08006499   Thumb Code   196  os_tmr.o(i.OS_TmrLink)
    OS_TmrResetPeak                          0x08006569   Thumb Code    28  os_tmr.o(i.OS_TmrResetPeak)
    OS_TmrTask                               0x0800658d   Thumb Code   176  os_tmr.o(i.OS_TmrTask)
    OS_TmrUnlink                             0x0800664d   Thumb Code    72  os_tmr.o(i.OS_TmrUnlink)
    RCC_APB1PeriphClockCmd                   0x0800669d   Thumb Code    26  stm32f10x_rcc.o(i.RCC_APB1PeriphClockCmd)
    RCC_APB1PeriphResetCmd                   0x080066bd   Thumb Code    26  stm32f10x_rcc.o(i.RCC_APB1PeriphResetCmd)
    RCC_APB2PeriphClockCmd                   0x080066dd   Thumb Code    26  stm32f10x_rcc.o(i.RCC_APB2PeriphClockCmd)
    RCC_APB2PeriphResetCmd                   0x080066fd   Thumb Code    26  stm32f10x_rcc.o(i.RCC_APB2PeriphResetCmd)
    RCC_GetClocksFreq                        0x0800671d   Thumb Code   192  stm32f10x_rcc.o(i.RCC_GetClocksFreq)
    SVC_Handler                              0x080067f1   Thumb Code     2  stm32f10x_it.o(i.SVC_Handler)
    SysTick_CLKSourceConfig                  0x080068dd   Thumb Code    40  misc.o(i.SysTick_CLKSourceConfig)
    SysTick_Handler                          0x08006905   Thumb Code    24  delay.o(i.SysTick_Handler)
    SystemInit                               0x08006921   Thumb Code    78  system_stm32f10x.o(i.SystemInit)
    TIM3_IRQHandler                          0x08006981   Thumb Code    44  timer.o(i.TIM3_IRQHandler)
    TIM3_Int_Init                            0x080069b5   Thumb Code    98  timer.o(i.TIM3_Int_Init)
    TIM_ClearITPendingBit                    0x08006a1d   Thumb Code     6  stm32f10x_tim.o(i.TIM_ClearITPendingBit)
    TIM_Cmd                                  0x08006a23   Thumb Code    24  stm32f10x_tim.o(i.TIM_Cmd)
    TIM_GetITStatus                          0x08006a3b   Thumb Code    34  stm32f10x_tim.o(i.TIM_GetITStatus)
    TIM_ITConfig                             0x08006a5d   Thumb Code    18  stm32f10x_tim.o(i.TIM_ITConfig)
    TIM_SetCounter                           0x08006a6f   Thumb Code     4  stm32f10x_tim.o(i.TIM_SetCounter)
    TIM_TimeBaseInit                         0x08006a75   Thumb Code   122  stm32f10x_tim.o(i.TIM_TimeBaseInit)
    USART1_IRQHandler                        0x08006b19   Thumb Code   160  usart.o(i.USART1_IRQHandler)
    USART1_send_byte                         0x08006bc9   Thumb Code    26  usart.o(i.USART1_send_byte)
    USART3_IRQHandler                        0x08006be9   Thumb Code    92  usart3.o(i.USART3_IRQHandler)
    USART_Cmd                                0x08006c59   Thumb Code    24  stm32f10x_usart.o(i.USART_Cmd)
    USART_DeInit                             0x08006c71   Thumb Code   134  stm32f10x_usart.o(i.USART_DeInit)
    USART_GetFlagStatus                      0x08006d0d   Thumb Code    26  stm32f10x_usart.o(i.USART_GetFlagStatus)
    USART_GetITStatus                        0x08006d27   Thumb Code    84  stm32f10x_usart.o(i.USART_GetITStatus)
    USART_ITConfig                           0x08006d7b   Thumb Code    74  stm32f10x_usart.o(i.USART_ITConfig)
    USART_Init                               0x08006dc5   Thumb Code   210  stm32f10x_usart.o(i.USART_Init)
    USART_ReceiveData                        0x08006e9d   Thumb Code    10  stm32f10x_usart.o(i.USART_ReceiveData)
    USART_Send                               0x08006ea7   Thumb Code    46  usart.o(i.USART_Send)
    USART_SendData                           0x08006ed5   Thumb Code     8  stm32f10x_usart.o(i.USART_SendData)
    UsageFault_Handler                       0x08006edd   Thumb Code     4  stm32f10x_it.o(i.UsageFault_Handler)
    __ARM_fpclassify                         0x08006ee1   Thumb Code    40  fpclassify.o(i.__ARM_fpclassify)
    _is_digit                                0x08006f09   Thumb Code    14  __printf_wp.o(i._is_digit)
    _sys_exit                                0x08006f17   Thumb Code     6  usart.o(i._sys_exit)
    delay_init                               0x08006f1d   Thumb Code    92  delay.o(i.delay_init)
    delay_ms                                 0x08006f8d   Thumb Code    66  delay.o(i.delay_ms)
    delay_osschedlock                        0x08006fdd   Thumb Code    10  delay.o(i.delay_osschedlock)
    delay_osschedunlock                      0x08006fe7   Thumb Code    10  delay.o(i.delay_osschedunlock)
    delay_ostimedly                          0x08006ff1   Thumb Code    16  delay.o(i.delay_ostimedly)
    delay_us                                 0x08007001   Thumb Code    86  delay.o(i.delay_us)
    gprs_join_server                         0x0800705d   Thumb Code   188  sim800c.o(i.gprs_join_server)
    gprs_task                                0x080071f9   Thumb Code    30  main.o(i.gprs_task)
    main                                     0x08007219   Thumb Code   288  main.o(i.main)
    send_com                                 0x08007359   Thumb Code    28  usart.o(i.send_com)
    sim800c_check_cmd                        0x08007375   Thumb Code    40  sim800c.o(i.sim800c_check_cmd)
    sim800c_send_cmd                         0x080073a9   Thumb Code   110  sim800c.o(i.sim800c_send_cmd)
    start_task                               0x0800742d   Thumb Code   426  main.o(i.start_task)
    tmr1_callback                            0x0800765d   Thumb Code     2  main.o(i.tmr1_callback)
    tmr2_callback                            0x0800765f   Thumb Code     2  main.o(i.tmr2_callback)
    u3_printf                                0x08007661   Thumb Code    72  usart3.o(i.u3_printf)
    uart_init                                0x080076b1   Thumb Code   152  usart.o(i.uart_init)
    usart1_task                              0x08007751   Thumb Code   124  main.o(i.usart1_task)
    usart3_init                              0x080077e1   Thumb Code   172  usart3.o(i.usart3_init)
    usart3_task                              0x08007899   Thumb Code    46  main.o(i.usart3_task)
    _get_lc_numeric                          0x080078d1   Thumb Code    44  lc_numeric_c.o(locale$$code)
    _get_lc_ctype                            0x080078fd   Thumb Code    44  lc_ctype_c.o(locale$$code)
    _printf_fp_dec                           0x08007929   Thumb Code     4  printf1.o(x$fpl$printf1)
    OSCfg_IdleTaskStkBasePtr                 0x0800792c   Data           4  os_cfg_app.o(.constdata)
    __I$use$fp                               0x0800792c   Number         0  usenofp.o(x$fpl$usenofp)
    OSCfg_IdleTaskStkLimit                   0x08007930   Data           4  os_cfg_app.o(.constdata)
    OSCfg_IdleTaskStkSize                    0x08007934   Data           4  os_cfg_app.o(.constdata)
    OSCfg_IdleTaskStkSizeRAM                 0x08007938   Data           4  os_cfg_app.o(.constdata)
    OSCfg_IntQBasePtr                        0x0800793c   Data           4  os_cfg_app.o(.constdata)
    OSCfg_IntQSize                           0x08007940   Data           2  os_cfg_app.o(.constdata)
    OSCfg_IntQSizeRAM                        0x08007944   Data           4  os_cfg_app.o(.constdata)
    OSCfg_IntQTaskStkBasePtr                 0x08007948   Data           4  os_cfg_app.o(.constdata)
    OSCfg_IntQTaskStkLimit                   0x0800794c   Data           4  os_cfg_app.o(.constdata)
    OSCfg_IntQTaskStkSize                    0x08007950   Data           4  os_cfg_app.o(.constdata)
    OSCfg_IntQTaskStkSizeRAM                 0x08007954   Data           4  os_cfg_app.o(.constdata)
    OSCfg_ISRStkBasePtr                      0x08007958   Data           4  os_cfg_app.o(.constdata)
    OSCfg_ISRStkSize                         0x0800795c   Data           4  os_cfg_app.o(.constdata)
    OSCfg_ISRStkSizeRAM                      0x08007960   Data           4  os_cfg_app.o(.constdata)
    OSCfg_MsgPoolSize                        0x08007964   Data           2  os_cfg_app.o(.constdata)
    OSCfg_MsgPoolSizeRAM                     0x08007968   Data           4  os_cfg_app.o(.constdata)
    OSCfg_MsgPoolBasePtr                     0x0800796c   Data           4  os_cfg_app.o(.constdata)
    OSCfg_StatTaskPrio                       0x08007970   Data           1  os_cfg_app.o(.constdata)
    OSCfg_StatTaskRate_Hz                    0x08007974   Data           4  os_cfg_app.o(.constdata)
    OSCfg_StatTaskStkBasePtr                 0x08007978   Data           4  os_cfg_app.o(.constdata)
    OSCfg_StatTaskStkLimit                   0x0800797c   Data           4  os_cfg_app.o(.constdata)
    OSCfg_StatTaskStkSize                    0x08007980   Data           4  os_cfg_app.o(.constdata)
    OSCfg_StatTaskStkSizeRAM                 0x08007984   Data           4  os_cfg_app.o(.constdata)
    OSCfg_StkSizeMin                         0x08007988   Data           4  os_cfg_app.o(.constdata)
    OSCfg_TickRate_Hz                        0x0800798c   Data           4  os_cfg_app.o(.constdata)
    OSCfg_TickTaskPrio                       0x08007990   Data           1  os_cfg_app.o(.constdata)
    OSCfg_TickTaskStkBasePtr                 0x08007994   Data           4  os_cfg_app.o(.constdata)
    OSCfg_TickTaskStkLimit                   0x08007998   Data           4  os_cfg_app.o(.constdata)
    OSCfg_TickTaskStkSize                    0x0800799c   Data           4  os_cfg_app.o(.constdata)
    OSCfg_TickTaskStkSizeRAM                 0x080079a0   Data           4  os_cfg_app.o(.constdata)
    OSCfg_TickWheelSize                      0x080079a4   Data           2  os_cfg_app.o(.constdata)
    OSCfg_TickWheelSizeRAM                   0x080079a8   Data           4  os_cfg_app.o(.constdata)
    OSCfg_TmrTaskPrio                        0x080079ac   Data           1  os_cfg_app.o(.constdata)
    OSCfg_TmrTaskRate_Hz                     0x080079b0   Data           4  os_cfg_app.o(.constdata)
    OSCfg_TmrTaskStkBasePtr                  0x080079b4   Data           4  os_cfg_app.o(.constdata)
    OSCfg_TmrTaskStkLimit                    0x080079b8   Data           4  os_cfg_app.o(.constdata)
    OSCfg_TmrTaskStkSize                     0x080079bc   Data           4  os_cfg_app.o(.constdata)
    OSCfg_TmrTaskStkSizeRAM                  0x080079c0   Data           4  os_cfg_app.o(.constdata)
    OSCfg_TmrWheelSize                       0x080079c4   Data           2  os_cfg_app.o(.constdata)
    OSCfg_TmrWheelSizeRAM                    0x080079c8   Data           4  os_cfg_app.o(.constdata)
    OSCfg_DataSizeRAM                        0x080079cc   Data           4  os_cfg_app.o(.constdata)
    OSDbg_DbgEn                              0x080079d0   Data           1  os_dbg.o(.constdata)
    OSDbg_ArgChkEn                           0x080079d1   Data           1  os_dbg.o(.constdata)
    OSDbg_AppHooksEn                         0x080079d2   Data           1  os_dbg.o(.constdata)
    OSDbg_EndiannessTest                     0x080079d4   Data           4  os_dbg.o(.constdata)
    OSDbg_CalledFromISRChkEn                 0x080079d8   Data           1  os_dbg.o(.constdata)
    OSDbg_FlagEn                             0x080079d9   Data           1  os_dbg.o(.constdata)
    OSDbg_FlagGrp                            0x080079dc   Data          40  os_dbg.o(.constdata)
    OSDbg_FlagDelEn                          0x08007a04   Data           1  os_dbg.o(.constdata)
    OSDbg_FlagModeClrEn                      0x08007a05   Data           1  os_dbg.o(.constdata)
    OSDbg_FlagPendAbortEn                    0x08007a06   Data           1  os_dbg.o(.constdata)
    OSDbg_FlagGrpSize                        0x08007a08   Data           2  os_dbg.o(.constdata)
    OSDbg_FlagWidth                          0x08007a0a   Data           2  os_dbg.o(.constdata)
    OSDbg_IntQ                               0x08007a0c   Data           2  os_dbg.o(.constdata)
    OSDbg_ISRPostDeferredEn                  0x08007a0e   Data           1  os_dbg.o(.constdata)
    OSDbg_Mem                                0x08007a10   Data          32  os_dbg.o(.constdata)
    OSDbg_MemEn                              0x08007a30   Data           1  os_dbg.o(.constdata)
    OSDbg_MemSize                            0x08007a32   Data           2  os_dbg.o(.constdata)
    OSDbg_MsgEn                              0x08007a34   Data           1  os_dbg.o(.constdata)
    OSDbg_MsgSize                            0x08007a36   Data           2  os_dbg.o(.constdata)
    OSDbg_MsgPoolSize                        0x08007a38   Data           2  os_dbg.o(.constdata)
    OSDbg_MsgQSize                           0x08007a3a   Data           2  os_dbg.o(.constdata)
    OSDbg_Mutex                              0x08007a3c   Data          44  os_dbg.o(.constdata)
    OSDbg_MutexEn                            0x08007a68   Data           1  os_dbg.o(.constdata)
    OSDbg_MutexDelEn                         0x08007a69   Data           1  os_dbg.o(.constdata)
    OSDbg_MutexPendAbortEn                   0x08007a6a   Data           1  os_dbg.o(.constdata)
    OSDbg_MutexSize                          0x08007a6c   Data           2  os_dbg.o(.constdata)
    OSDbg_ObjTypeChkEn                       0x08007a6e   Data           1  os_dbg.o(.constdata)
    OSDbg_PendMultiEn                        0x08007a6f   Data           1  os_dbg.o(.constdata)
    OSDbg_PendDataSize                       0x08007a70   Data           2  os_dbg.o(.constdata)
    OSDbg_PendListSize                       0x08007a72   Data           2  os_dbg.o(.constdata)
    OSDbg_PendObjSize                        0x08007a74   Data           2  os_dbg.o(.constdata)
    OSDbg_PrioMax                            0x08007a76   Data           2  os_dbg.o(.constdata)
    OSDbg_PrioTblSize                        0x08007a78   Data           2  os_dbg.o(.constdata)
    OSDbg_PtrSize                            0x08007a7a   Data           2  os_dbg.o(.constdata)
    OSDbg_Q                                  0x08007a7c   Data          48  os_dbg.o(.constdata)
    OSDbg_QEn                                0x08007aac   Data           1  os_dbg.o(.constdata)
    OSDbg_QDelEn                             0x08007aad   Data           1  os_dbg.o(.constdata)
    OSDbg_QFlushEn                           0x08007aae   Data           1  os_dbg.o(.constdata)
    OSDbg_QPendAbortEn                       0x08007aaf   Data           1  os_dbg.o(.constdata)
    OSDbg_QSize                              0x08007ab0   Data           2  os_dbg.o(.constdata)
    OSDbg_SchedRoundRobinEn                  0x08007ab2   Data           1  os_dbg.o(.constdata)
    OSDbg_Sem                                0x08007ab4   Data          40  os_dbg.o(.constdata)
    OSDbg_SemEn                              0x08007adc   Data           1  os_dbg.o(.constdata)
    OSDbg_SemDelEn                           0x08007add   Data           1  os_dbg.o(.constdata)
    OSDbg_SemPendAbortEn                     0x08007ade   Data           1  os_dbg.o(.constdata)
    OSDbg_SemSetEn                           0x08007adf   Data           1  os_dbg.o(.constdata)
    OSDbg_SemSize                            0x08007ae0   Data           2  os_dbg.o(.constdata)
    OSDbg_RdyList                            0x08007ae2   Data           2  os_dbg.o(.constdata)
    OSDbg_RdyListSize                        0x08007ae4   Data           4  os_dbg.o(.constdata)
    OSDbg_StkWidth                           0x08007ae8   Data           1  os_dbg.o(.constdata)
    OSDbg_StatTaskEn                         0x08007ae9   Data           1  os_dbg.o(.constdata)
    OSDbg_StatTaskStkChkEn                   0x08007aea   Data           1  os_dbg.o(.constdata)
    OSDbg_TaskChangePrioEn                   0x08007aeb   Data           1  os_dbg.o(.constdata)
    OSDbg_TaskDelEn                          0x08007aec   Data           1  os_dbg.o(.constdata)
    OSDbg_TaskQEn                            0x08007aed   Data           1  os_dbg.o(.constdata)
    OSDbg_TaskQPendAbortEn                   0x08007aee   Data           1  os_dbg.o(.constdata)
    OSDbg_TaskProfileEn                      0x08007aef   Data           1  os_dbg.o(.constdata)
    OSDbg_TaskRegTblSize                     0x08007af0   Data           2  os_dbg.o(.constdata)
    OSDbg_TaskSemPendAbortEn                 0x08007af2   Data           1  os_dbg.o(.constdata)
    OSDbg_TaskSuspendEn                      0x08007af3   Data           1  os_dbg.o(.constdata)
    OSDbg_TCBSize                            0x08007af4   Data           2  os_dbg.o(.constdata)
    OSDbg_TickSpokeSize                      0x08007af6   Data           2  os_dbg.o(.constdata)
    OSDbg_TimeDlyHMSMEn                      0x08007af8   Data           1  os_dbg.o(.constdata)
    OSDbg_TimeDlyResumeEn                    0x08007af9   Data           1  os_dbg.o(.constdata)
    OSDbg_TLS_TblSize                        0x08007afa   Data           2  os_dbg.o(.constdata)
    OSDbg_Tmr                                0x08007afc   Data          52  os_dbg.o(.constdata)
    OSDbg_TmrEn                              0x08007b30   Data           1  os_dbg.o(.constdata)
    OSDbg_TmrDelEn                           0x08007b31   Data           1  os_dbg.o(.constdata)
    OSDbg_TmrSize                            0x08007b32   Data           2  os_dbg.o(.constdata)
    OSDbg_TmrSpokeSize                       0x08007b34   Data           2  os_dbg.o(.constdata)
    OSDbg_VersionNbr                         0x08007b36   Data           2  os_dbg.o(.constdata)
    OSDbg_DataSize                           0x08007b38   Data           4  os_dbg.o(.constdata)
    Region$$Table$$Base                      0x08007c14   Number         0  anon$$obj.o(Region$$Table)
    Region$$Table$$Limit                     0x08007c34   Number         0  anon$$obj.o(Region$$Table)
    __ctype                                  0x08007c5d   Data           0  lc_ctype_c.o(locale$$data)
    SystemCoreClock                          0x20000000   Data           4  system_stm32f10x.o(.data)
    AHBPrescTable                            0x20000004   Data          16  system_stm32f10x.o(.data)
    __stdout                                 0x20000018   Data           4  usart.o(.data)
    USART1_RX_STA                            0x2000001c   Data           1  usart.o(.data)
    USART1_RECEIVE_OK                        0x2000001d   Data           1  usart.o(.data)
    USART3_RX_STA                            0x2000001e   Data           2  usart3.o(.data)
    USART3_RECEIVE_OK                        0x20000020   Data           1  usart3.o(.data)
    CPU_TS_TmrFreq_Hz                        0x20000038   Data           4  cpu_core.o(.data)
    CPU_IntDisMeasCtr                        0x2000003c   Data           2  cpu_core.o(.data)
    CPU_IntDisNestCtr                        0x2000003e   Data           2  cpu_core.o(.data)
    CPU_IntDisMeasStart_cnts                 0x20000040   Data           4  cpu_core.o(.data)
    CPU_IntDisMeasStop_cnts                  0x20000044   Data           4  cpu_core.o(.data)
    CPU_IntDisMeasOvrhd_cnts                 0x20000048   Data           4  cpu_core.o(.data)
    CPU_IntDisMeasMaxCur_cnts                0x2000004c   Data           4  cpu_core.o(.data)
    CPU_IntDisMeasMax_cnts                   0x20000050   Data           4  cpu_core.o(.data)
    OSPrioTbl                                0x20000054   Data           4  os_prio.o(.data)
    OS_AppTaskCreateHookPtr                  0x20000058   Data           4  os_var.o(.data)
    OS_AppTaskDelHookPtr                     0x2000005c   Data           4  os_var.o(.data)
    OS_AppTaskReturnHookPtr                  0x20000060   Data           4  os_var.o(.data)
    OS_AppIdleTaskHookPtr                    0x20000064   Data           4  os_var.o(.data)
    OS_AppStatTaskHookPtr                    0x20000068   Data           4  os_var.o(.data)
    OS_AppTaskSwHookPtr                      0x2000006c   Data           4  os_var.o(.data)
    OS_AppTimeTickHookPtr                    0x20000070   Data           4  os_var.o(.data)
    OSIdleTaskCtr                            0x20000074   Data           4  os_var.o(.data)
    OSIntNestingCtr                          0x20000078   Data           1  os_var.o(.data)
    OSIntDisTimeMax                          0x2000007c   Data           4  os_var.o(.data)
    OSRunning                                0x20000080   Data           1  os_var.o(.data)
    OSIntQInPtr                              0x20000084   Data           4  os_var.o(.data)
    OSIntQOutPtr                             0x20000088   Data           4  os_var.o(.data)
    OSIntQNbrEntries                         0x2000008c   Data           2  os_var.o(.data)
    OSIntQNbrEntriesMax                      0x2000008e   Data           2  os_var.o(.data)
    OSIntQOvfCtr                             0x20000090   Data           2  os_var.o(.data)
    OSIntQTaskTimeMax                        0x20000094   Data           4  os_var.o(.data)
    OSFlagDbgListPtr                         0x20000098   Data           4  os_var.o(.data)
    OSFlagQty                                0x2000009c   Data           2  os_var.o(.data)
    OSMemDbgListPtr                          0x200000a0   Data           4  os_var.o(.data)
    OSMemQty                                 0x200000a4   Data           2  os_var.o(.data)
    OSMutexDbgListPtr                        0x200000a8   Data           4  os_var.o(.data)
    OSMutexQty                               0x200000ac   Data           2  os_var.o(.data)
    OSPrioCur                                0x200000ae   Data           1  os_var.o(.data)
    OSPrioHighRdy                            0x200000af   Data           1  os_var.o(.data)
    OSPrioSaved                              0x200000b0   Data           1  os_var.o(.data)
    OSQDbgListPtr                            0x200000b4   Data           4  os_var.o(.data)
    OSQQty                                   0x200000b8   Data           2  os_var.o(.data)
    OSSchedLockTimeBegin                     0x200000bc   Data           4  os_var.o(.data)
    OSSchedLockTimeMax                       0x200000c0   Data           4  os_var.o(.data)
    OSSchedLockTimeMaxCur                    0x200000c4   Data           4  os_var.o(.data)
    OSSchedLockNestingCtr                    0x200000c8   Data           1  os_var.o(.data)
    OSSchedRoundRobinDfltTimeQuanta          0x200000cc   Data           4  os_var.o(.data)
    OSSchedRoundRobinEn                      0x200000d0   Data           1  os_var.o(.data)
    OSSemDbgListPtr                          0x200000d4   Data           4  os_var.o(.data)
    OSSemQty                                 0x200000d8   Data           2  os_var.o(.data)
    OSStatResetFlag                          0x200000da   Data           1  os_var.o(.data)
    OSStatTaskCPUUsage                       0x200000dc   Data           2  os_var.o(.data)
    OSStatTaskCPUUsageMax                    0x200000de   Data           2  os_var.o(.data)
    OSStatTaskCtr                            0x200000e0   Data           4  os_var.o(.data)
    OSStatTaskCtrMax                         0x200000e4   Data           4  os_var.o(.data)
    OSStatTaskCtrRun                         0x200000e8   Data           4  os_var.o(.data)
    OSStatTaskRdy                            0x200000ec   Data           1  os_var.o(.data)
    OSStatTaskTimeMax                        0x200000f0   Data           4  os_var.o(.data)
    OSTaskCtxSwCtr                           0x200000f4   Data           4  os_var.o(.data)
    OSTaskDbgListPtr                         0x200000f8   Data           4  os_var.o(.data)
    OSTaskQty                                0x200000fc   Data           2  os_var.o(.data)
    OSTaskRegNextAvailID                     0x200000fe   Data           1  os_var.o(.data)
    OSTickCtr                                0x20000100   Data           4  os_var.o(.data)
    OSTickTaskTimeMax                        0x20000104   Data           4  os_var.o(.data)
    OSTmrDbgListPtr                          0x20000108   Data           4  os_var.o(.data)
    OSTmrQty                                 0x2000010c   Data           2  os_var.o(.data)
    OSTmrTaskTimeMax                         0x20000110   Data           4  os_var.o(.data)
    OSTmrTickCtr                             0x20000114   Data           4  os_var.o(.data)
    OSTmrUpdateCnt                           0x20000118   Data           4  os_var.o(.data)
    OSTmrUpdateCtr                           0x2000011c   Data           4  os_var.o(.data)
    OSTCBCurPtr                              0x20000120   Data           4  os_var.o(.data)
    OSTCBHighRdyPtr                          0x20000124   Data           4  os_var.o(.data)
    OS_CPU_ExceptStkBase                     0x20000128   Data           4  os_cpu_c.o(.data)
    StartTaskTCB                             0x2000012c   Data         200  main.o(.bss)
    START_TASK_STK                           0x200001f4   Data        2048  main.o(.bss)
    USART1TaskTCB                            0x200009f4   Data         200  main.o(.bss)
    USART1_TASK_STK                          0x20000abc   Data         512  main.o(.bss)
    USART3TaskTCB                            0x20000cbc   Data         200  main.o(.bss)
    USART3_TASK_STK                          0x20000d84   Data         512  main.o(.bss)
    GPRSTaskTCB                              0x20000f84   Data         200  main.o(.bss)
    GPRS_TASK_STK                            0x2000104c   Data         512  main.o(.bss)
    tmr1                                     0x2000124c   Data          52  main.o(.bss)
    tmr2                                     0x20001280   Data          52  main.o(.bss)
    SYNC_SEM                                 0x200012b4   Data          40  main.o(.bss)
    USART1_RX_BUF                            0x200012dc   Data         200  usart.o(.bss)
    USART3_RX_BUF                            0x200013a4   Data         600  usart3.o(.bss)
    USART3_TX_BUF                            0x200015fc   Data         600  usart3.o(.bss)
    CPU_Name                                 0x20001854   Data          16  cpu_core.o(.bss)
    OSCfg_IdleTaskStk                        0x20001864   Data         512  os_cfg_app.o(.bss)
    OSCfg_IntQ                               0x20001a64   Data         320  os_cfg_app.o(.bss)
    OSCfg_IntQTaskStk                        0x20001ba4   Data         512  os_cfg_app.o(.bss)
    OSCfg_ISRStk                             0x20001da4   Data         512  os_cfg_app.o(.bss)
    OSCfg_MsgPool                            0x20001fa4   Data        1600  os_cfg_app.o(.bss)
    OSCfg_StatTaskStk                        0x200025e4   Data         512  os_cfg_app.o(.bss)
    OSCfg_TickTaskStk                        0x200027e4   Data         512  os_cfg_app.o(.bss)
    OSCfg_TickWheel                          0x200029e4   Data         136  os_cfg_app.o(.bss)
    OSCfg_TmrTaskStk                         0x20002a6c   Data         512  os_cfg_app.o(.bss)
    OSCfg_TmrWheel                           0x20002c6c   Data         136  os_cfg_app.o(.bss)
    OSIdleTaskTCB                            0x20002cf4   Data         200  os_var.o(.bss)
    OSIntQTaskTCB                            0x20002dbc   Data         200  os_var.o(.bss)
    OSMsgPool                                0x20002e84   Data          12  os_var.o(.bss)
    OSRdyList                                0x20002e90   Data         384  os_var.o(.bss)
    OSStatTaskTCB                            0x20003010   Data         200  os_var.o(.bss)
    OSTickTaskTCB                            0x200030d8   Data         200  os_var.o(.bss)
    OSTmrTaskTCB                             0x200031a0   Data         200  os_var.o(.bss)
    __libspace_start                         0x20003268   Data          96  libspace.o(.bss)
    __temporary_stack_top$libspace           0x200032c8   Data           0  libspace.o(.bss)



==============================================================================

Memory Map of the image

  Image Entry point : 0x080002b9

  Load Region LR_1 (Base: 0x08000000, Size: 0x00007e8c, Max: 0xffffffff, ABSOLUTE, COMPRESSED[0x00007d7c])

    Execution Region ER_RO (Base: 0x08000000, Size: 0x00007d60, Max: 0xffffffff, ABSOLUTE)

    Base Addr    Size         Type   Attr      Idx    E Section Name        Object

    0x08000000   0x00000130   Data   RO          600    RESET               startup_stm32f10x_hd.o
    0x08000130   0x00000008   Code   RO         3677  * !!!main             c_w.l(__main.o)
    0x08000138   0x00000034   Code   RO         3998    !!!scatter          c_w.l(__scatter.o)
    0x0800016c   0x0000005a   Code   RO         3996    !!dczerorl2         c_w.l(__dczerorl2.o)
    0x080001c6   0x00000002   PAD
    0x080001c8   0x0000001c   Code   RO         4000    !!handler_zi        c_w.l(__scatter_zi.o)
    0x080001e4   0x00000000   Code   RO         3767    .ARM.Collect$$_printf_percent$$00000000  c_w.l(_printf_percent.o)
    0x080001e4   0x00000006   Code   RO         3756    .ARM.Collect$$_printf_percent$$00000001  c_w.l(_printf_n.o)
    0x080001ea   0x00000006   Code   RO         3758    .ARM.Collect$$_printf_percent$$00000002  c_w.l(_printf_p.o)
    0x080001f0   0x00000006   Code   RO         3763    .ARM.Collect$$_printf_percent$$00000003  c_w.l(_printf_f.o)
    0x080001f6   0x00000006   Code   RO         3764    .ARM.Collect$$_printf_percent$$00000004  c_w.l(_printf_e.o)
    0x080001fc   0x00000006   Code   RO         3765    .ARM.Collect$$_printf_percent$$00000005  c_w.l(_printf_g.o)
    0x08000202   0x00000006   Code   RO         3766    .ARM.Collect$$_printf_percent$$00000006  c_w.l(_printf_a.o)
    0x08000208   0x0000000a   Code   RO         3771    .ARM.Collect$$_printf_percent$$00000007  c_w.l(_printf_ll.o)
    0x08000212   0x00000006   Code   RO         3760    .ARM.Collect$$_printf_percent$$00000008  c_w.l(_printf_i.o)
    0x08000218   0x00000006   Code   RO         3761    .ARM.Collect$$_printf_percent$$00000009  c_w.l(_printf_d.o)
    0x0800021e   0x00000006   Code   RO         3762    .ARM.Collect$$_printf_percent$$0000000A  c_w.l(_printf_u.o)
    0x08000224   0x00000006   Code   RO         3759    .ARM.Collect$$_printf_percent$$0000000B  c_w.l(_printf_o.o)
    0x0800022a   0x00000006   Code   RO         3757    .ARM.Collect$$_printf_percent$$0000000C  c_w.l(_printf_x.o)
    0x08000230   0x00000006   Code   RO         3768    .ARM.Collect$$_printf_percent$$0000000D  c_w.l(_printf_lli.o)
    0x08000236   0x00000006   Code   RO         3769    .ARM.Collect$$_printf_percent$$0000000E  c_w.l(_printf_lld.o)
    0x0800023c   0x00000006   Code   RO         3770    .ARM.Collect$$_printf_percent$$0000000F  c_w.l(_printf_llu.o)
    0x08000242   0x00000006   Code   RO         3775    .ARM.Collect$$_printf_percent$$00000010  c_w.l(_printf_llo.o)
    0x08000248   0x00000006   Code   RO         3776    .ARM.Collect$$_printf_percent$$00000011  c_w.l(_printf_llx.o)
    0x0800024e   0x0000000a   Code   RO         3772    .ARM.Collect$$_printf_percent$$00000012  c_w.l(_printf_l.o)
    0x08000258   0x00000006   Code   RO         3754    .ARM.Collect$$_printf_percent$$00000013  c_w.l(_printf_c.o)
    0x0800025e   0x00000006   Code   RO         3755    .ARM.Collect$$_printf_percent$$00000014  c_w.l(_printf_s.o)
    0x08000264   0x00000006   Code   RO         3773    .ARM.Collect$$_printf_percent$$00000015  c_w.l(_printf_lc.o)
    0x0800026a   0x00000006   Code   RO         3774    .ARM.Collect$$_printf_percent$$00000016  c_w.l(_printf_ls.o)
    0x08000270   0x00000004   Code   RO         3810    .ARM.Collect$$_printf_percent$$00000017  c_w.l(_printf_percent_end.o)
    0x08000274   0x00000002   Code   RO         3863    .ARM.Collect$$libinit$$00000000  c_w.l(libinit.o)
    0x08000276   0x00000000   Code   RO         3886    .ARM.Collect$$libinit$$00000002  c_w.l(libinit2.o)
    0x08000276   0x00000000   Code   RO         3888    .ARM.Collect$$libinit$$00000004  c_w.l(libinit2.o)
    0x08000276   0x00000000   Code   RO         3891    .ARM.Collect$$libinit$$0000000A  c_w.l(libinit2.o)
    0x08000276   0x00000000   Code   RO         3893    .ARM.Collect$$libinit$$0000000C  c_w.l(libinit2.o)
    0x08000276   0x00000000   Code   RO         3895    .ARM.Collect$$libinit$$0000000E  c_w.l(libinit2.o)
    0x08000276   0x00000006   Code   RO         3896    .ARM.Collect$$libinit$$0000000F  c_w.l(libinit2.o)
    0x0800027c   0x00000000   Code   RO         3898    .ARM.Collect$$libinit$$00000011  c_w.l(libinit2.o)
    0x0800027c   0x0000000c   Code   RO         3899    .ARM.Collect$$libinit$$00000012  c_w.l(libinit2.o)
    0x08000288   0x00000000   Code   RO         3900    .ARM.Collect$$libinit$$00000013  c_w.l(libinit2.o)
    0x08000288   0x00000000   Code   RO         3902    .ARM.Collect$$libinit$$00000015  c_w.l(libinit2.o)
    0x08000288   0x0000000a   Code   RO         3903    .ARM.Collect$$libinit$$00000016  c_w.l(libinit2.o)
    0x08000292   0x00000000   Code   RO         3904    .ARM.Collect$$libinit$$00000017  c_w.l(libinit2.o)
    0x08000292   0x00000000   Code   RO         3906    .ARM.Collect$$libinit$$00000019  c_w.l(libinit2.o)
    0x08000292   0x00000000   Code   RO         3908    .ARM.Collect$$libinit$$0000001B  c_w.l(libinit2.o)
    0x08000292   0x00000000   Code   RO         3910    .ARM.Collect$$libinit$$0000001D  c_w.l(libinit2.o)
    0x08000292   0x00000000   Code   RO         3912    .ARM.Collect$$libinit$$0000001F  c_w.l(libinit2.o)
    0x08000292   0x00000000   Code   RO         3914    .ARM.Collect$$libinit$$00000021  c_w.l(libinit2.o)
    0x08000292   0x00000000   Code   RO         3916    .ARM.Collect$$libinit$$00000023  c_w.l(libinit2.o)
    0x08000292   0x00000000   Code   RO         3918    .ARM.Collect$$libinit$$00000025  c_w.l(libinit2.o)
    0x08000292   0x00000000   Code   RO         3922    .ARM.Collect$$libinit$$0000002C  c_w.l(libinit2.o)
    0x08000292   0x00000000   Code   RO         3924    .ARM.Collect$$libinit$$0000002E  c_w.l(libinit2.o)
    0x08000292   0x00000000   Code   RO         3926    .ARM.Collect$$libinit$$00000030  c_w.l(libinit2.o)
    0x08000292   0x00000000   Code   RO         3928    .ARM.Collect$$libinit$$00000032  c_w.l(libinit2.o)
    0x08000292   0x00000002   Code   RO         3929    .ARM.Collect$$libinit$$00000033  c_w.l(libinit2.o)
    0x08000294   0x00000002   Code   RO         3953    .ARM.Collect$$libshutdown$$00000000  c_w.l(libshutdown.o)
    0x08000296   0x00000000   Code   RO         3980    .ARM.Collect$$libshutdown$$00000003  c_w.l(libshutdown2.o)
    0x08000296   0x00000000   Code   RO         3983    .ARM.Collect$$libshutdown$$00000006  c_w.l(libshutdown2.o)
    0x08000296   0x00000000   Code   RO         3986    .ARM.Collect$$libshutdown$$00000009  c_w.l(libshutdown2.o)
    0x08000296   0x00000000   Code   RO         3988    .ARM.Collect$$libshutdown$$0000000B  c_w.l(libshutdown2.o)
    0x08000296   0x00000000   Code   RO         3991    .ARM.Collect$$libshutdown$$0000000E  c_w.l(libshutdown2.o)
    0x08000296   0x00000002   Code   RO         3992    .ARM.Collect$$libshutdown$$0000000F  c_w.l(libshutdown2.o)
    0x08000298   0x00000000   Code   RO         3681    .ARM.Collect$$rtentry$$00000000  c_w.l(__rtentry.o)
    0x08000298   0x00000000   Code   RO         3782    .ARM.Collect$$rtentry$$00000002  c_w.l(__rtentry2.o)
    0x08000298   0x00000006   Code   RO         3794    .ARM.Collect$$rtentry$$00000004  c_w.l(__rtentry4.o)
    0x0800029e   0x00000000   Code   RO         3784    .ARM.Collect$$rtentry$$00000009  c_w.l(__rtentry2.o)
    0x0800029e   0x00000004   Code   RO         3785    .ARM.Collect$$rtentry$$0000000A  c_w.l(__rtentry2.o)
    0x080002a2   0x00000000   Code   RO         3787    .ARM.Collect$$rtentry$$0000000C  c_w.l(__rtentry2.o)
    0x080002a2   0x00000008   Code   RO         3788    .ARM.Collect$$rtentry$$0000000D  c_w.l(__rtentry2.o)
    0x080002aa   0x00000002   Code   RO         3872    .ARM.Collect$$rtexit$$00000000  c_w.l(rtexit.o)
    0x080002ac   0x00000000   Code   RO         3931    .ARM.Collect$$rtexit$$00000002  c_w.l(rtexit2.o)
    0x080002ac   0x00000004   Code   RO         3932    .ARM.Collect$$rtexit$$00000003  c_w.l(rtexit2.o)
    0x080002b0   0x00000006   Code   RO         3933    .ARM.Collect$$rtexit$$00000004  c_w.l(rtexit2.o)
    0x080002b6   0x00000002   PAD
    0x080002b8   0x00000040   Code   RO          601  * .text               startup_stm32f10x_hd.o
    0x080002f8   0x00000034   Code   RO         1912    .text               cpu_a.o
    0x0800032c   0x00000002   Code   RO         3663    .text               c_w.l(use_no_semi_2.o)
    0x0800032e   0x00000002   PAD
    0x08000330   0x00000024   Code   RO         3667    .text               c_w.l(c89vsprintf.o)
    0x08000354   0x00000024   Code   RO         3669    .text               c_w.l(strstr.o)
    0x08000378   0x0000003e   Code   RO         3671    .text               c_w.l(strlen.o)
    0x080003b6   0x00000006   Code   RO         3675    .text               c_w.l(heapauxi.o)
    0x080003bc   0x00000002   Code   RO         3679    .text               c_w.l(use_no_semi.o)
    0x080003be   0x0000004e   Code   RO         3688    .text               c_w.l(_printf_pad.o)
    0x0800040c   0x00000024   Code   RO         3690    .text               c_w.l(_printf_truncate.o)
    0x08000430   0x00000052   Code   RO         3692    .text               c_w.l(_printf_str.o)
    0x08000482   0x00000002   PAD
    0x08000484   0x00000078   Code   RO         3694    .text               c_w.l(_printf_dec.o)
    0x080004fc   0x00000028   Code   RO         3696    .text               c_w.l(_printf_charcount.o)
    0x08000524   0x00000030   Code   RO         3698    .text               c_w.l(_printf_char_common.o)
    0x08000554   0x0000000a   Code   RO         3700    .text               c_w.l(_sputc.o)
    0x0800055e   0x00000002   PAD
    0x08000560   0x000000bc   Code   RO         3702    .text               c_w.l(_printf_wctomb.o)
    0x0800061c   0x0000007c   Code   RO         3705    .text               c_w.l(_printf_longlong_dec.o)
    0x08000698   0x00000070   Code   RO         3711    .text               c_w.l(_printf_oct_int_ll.o)
    0x08000708   0x00000094   Code   RO         3731    .text               c_w.l(_printf_hex_int_ll_ptr.o)
    0x0800079c   0x00000188   Code   RO         3751    .text               c_w.l(__printf_flags_ss_wp.o)
    0x08000924   0x0000008a   Code   RO         3798    .text               c_w.l(lludiv10.o)
    0x080009ae   0x000000b2   Code   RO         3800    .text               c_w.l(_printf_intcommon.o)
    0x08000a60   0x0000041a   Code   RO         3802    .text               c_w.l(_printf_fp_dec.o)
    0x08000e7a   0x0000002c   Code   RO         3806    .text               c_w.l(_printf_char.o)
    0x08000ea6   0x0000002c   Code   RO         3808    .text               c_w.l(_printf_wchar.o)
    0x08000ed2   0x00000040   Code   RO         3811    .text               c_w.l(_wcrtomb.o)
    0x08000f12   0x0000004a   Code   RO         3813    .text               c_w.l(sys_stackheap_outer.o)
    0x08000f5c   0x00000010   Code   RO         3815    .text               c_w.l(rt_ctype_table.o)
    0x08000f6c   0x00000008   Code   RO         3820    .text               c_w.l(rt_locale_intlibspace.o)
    0x08000f74   0x00000080   Code   RO         3822    .text               c_w.l(_printf_fp_infnan.o)
    0x08000ff4   0x000000dc   Code   RO         3824    .text               c_w.l(bigflt0.o)
    0x080010d0   0x0000000c   Code   RO         3852    .text               c_w.l(exit.o)
    0x080010dc   0x00000008   Code   RO         3869    .text               c_w.l(libspace.o)
    0x080010e4   0x00000080   Code   RO         3883    .text               c_w.l(strcmpv7m.o)
    0x08001164   0x0000003e   Code   RO         3827    CL$$btod_d2e        c_w.l(btod.o)
    0x080011a2   0x00000046   Code   RO         3829    CL$$btod_d2e_denorm_low  c_w.l(btod.o)
    0x080011e8   0x00000060   Code   RO         3828    CL$$btod_d2e_norm_op1  c_w.l(btod.o)
    0x08001248   0x00000338   Code   RO         3837    CL$$btod_div_common  c_w.l(btod.o)
    0x08001580   0x000000c6   Code   RO         3834    CL$$btod_e2e        c_w.l(btod.o)
    0x08001646   0x00000028   Code   RO         3831    CL$$btod_ediv       c_w.l(btod.o)
    0x0800166e   0x00000028   Code   RO         3830    CL$$btod_emul       c_w.l(btod.o)
    0x08001696   0x00000244   Code   RO         3836    CL$$btod_mult_common  c_w.l(btod.o)
    0x080018da   0x00000002   PAD
    0x080018dc   0x00000098   Code   RO         3511    CODE                os_cpu_a.o
    0x08001974   0x00000010   Code   RO         1707    i.BSP_CPU_ClkFreq   bsp.o
    0x08001984   0x00000004   Code   RO          228    i.BusFault_Handler  stm32f10x_it.o
    0x08001988   0x00000010   Code   RO         1748    i.CPU_Init          cpu_core.o
    0x08001998   0x00000084   Code   RO         1749    i.CPU_IntDisMeasInit  cpu_core.o
    0x08001a1c   0x0000001c   Code   RO         1750    i.CPU_IntDisMeasMaxCalc  cpu_core.o
    0x08001a38   0x0000002c   Code   RO         1751    i.CPU_IntDisMeasMaxCurGet  cpu_core.o
    0x08001a64   0x0000002c   Code   RO         1752    i.CPU_IntDisMeasMaxCurReset  cpu_core.o
    0x08001a90   0x0000002c   Code   RO         1753    i.CPU_IntDisMeasMaxGet  cpu_core.o
    0x08001abc   0x00000034   Code   RO         1754    i.CPU_IntDisMeasStart  cpu_core.o
    0x08001af0   0x00000054   Code   RO         1755    i.CPU_IntDisMeasStop  cpu_core.o
    0x08001b44   0x00000038   Code   RO         1756    i.CPU_NameClr       cpu_core.o
    0x08001b7c   0x00000008   Code   RO         1758    i.CPU_NameInit      cpu_core.o
    0x08001b84   0x00000014   Code   RO         1762    i.CPU_TS_Init       cpu_core.o
    0x08001b98   0x0000000c   Code   RO         1764    i.CPU_TS_TmrFreqSet  cpu_core.o
    0x08001ba4   0x00000034   Code   RO         1709    i.CPU_TS_TmrInit    bsp.o
    0x08001bd8   0x0000000c   Code   RO         1710    i.CPU_TS_TmrRd      bsp.o
    0x08001be4   0x00000002   Code   RO          229    i.DebugMon_Handler  stm32f10x_it.o
    0x08001be6   0x00000116   Code   RO          647    i.GPIO_Init         stm32f10x_gpio.o
    0x08001cfc   0x00000004   Code   RO          230    i.HardFault_Handler  stm32f10x_it.o
    0x08001d00   0x0000005c   Code   RO          339    i.LED_Init          led.o
    0x08001d5c   0x00000004   Code   RO          231    i.MemManage_Handler  stm32f10x_it.o
    0x08001d60   0x00000012   Code   RO         2104    i.Mem_Clr           lib_mem.o
    0x08001d72   0x00000062   Code   RO         2121    i.Mem_Set           lib_mem.o
    0x08001dd4   0x00000002   Code   RO          232    i.NMI_Handler       stm32f10x_it.o
    0x08001dd6   0x00000002   PAD
    0x08001dd8   0x00000070   Code   RO          605    i.NVIC_Init         misc.o
    0x08001e48   0x00000014   Code   RO          606    i.NVIC_PriorityGroupConfig  misc.o
    0x08001e5c   0x00000002   Code   RO         2378    i.OSCfg_Init        os_cfg_app.o
    0x08001e5e   0x00000002   PAD
    0x08001e60   0x00000014   Code   RO         3514    i.OSIdleTaskHook    os_cpu_c.o
    0x08001e74   0x0000018c   Code   RO         2401    i.OSInit            os_core.o
    0x08002000   0x00000038   Code   RO         3515    i.OSInitHook        os_cpu_c.o
    0x08002038   0x0000002c   Code   RO         2402    i.OSIntEnter        os_core.o
    0x08002064   0x000000e4   Code   RO         2403    i.OSIntExit         os_core.o
    0x08002148   0x000000a8   Code   RO         2404    i.OSSched           os_core.o
    0x080021f0   0x0000007c   Code   RO         2405    i.OSSchedLock       os_core.o
    0x0800226c   0x0000006c   Code   RO         2406    i.OSSchedRoundRobinCfg  os_core.o
    0x080022d8   0x000000a0   Code   RO         2408    i.OSSchedUnlock     os_core.o
    0x08002378   0x000000e4   Code   RO         3047    i.OSSemCreate       os_sem.o
    0x0800245c   0x00000068   Code   RO         2409    i.OSStart           os_core.o
    0x080024c4   0x00000168   Code   RO         3119    i.OSStatReset       os_stat.o
    0x0800262c   0x00000100   Code   RO         3120    i.OSStatTaskCPUUsageInit  os_stat.o
    0x0800272c   0x00000014   Code   RO         3516    i.OSStatTaskHook    os_cpu_c.o
    0x08002740   0x00000294   Code   RO         3150    i.OSTaskCreate      os_task.o
    0x080029d4   0x00000018   Code   RO         3517    i.OSTaskCreateHook  os_cpu_c.o
    0x080029ec   0x00000208   Code   RO         3151    i.OSTaskDel         os_task.o
    0x08002bf4   0x00000018   Code   RO         3518    i.OSTaskDelHook     os_cpu_c.o
    0x08002c0c   0x00000088   Code   RO         3159    i.OSTaskResume      os_task.o
    0x08002c94   0x00000018   Code   RO         3519    i.OSTaskReturnHook  os_cpu_c.o
    0x08002cac   0x00000250   Code   RO         3160    i.OSTaskSemPend     os_task.o
    0x08002efc   0x000000e4   Code   RO         3164    i.OSTaskStkChk      os_task.o
    0x08002fe0   0x000000c0   Code   RO         3520    i.OSTaskStkInit     os_cpu_c.o
    0x080030a0   0x00000060   Code   RO         3165    i.OSTaskSuspend     os_task.o
    0x08003100   0x000000a4   Code   RO         3521    i.OSTaskSwHook      os_cpu_c.o
    0x080031a4   0x00000150   Code   RO         3365    i.OSTimeDly         os_time.o
    0x080032f4   0x0000022c   Code   RO         3366    i.OSTimeDlyHMSM     os_time.o
    0x08003520   0x00000044   Code   RO         3370    i.OSTimeTick        os_time.o
    0x08003564   0x00000014   Code   RO         3522    i.OSTimeTickHook    os_cpu_c.o
    0x08003578   0x00000130   Code   RO         3407    i.OSTmrCreate       os_tmr.o
    0x080036a8   0x000001b4   Code   RO         2647    i.OS_Dbg_Init       os_dbg.o
    0x0800385c   0x00000018   Code   RO         2672    i.OS_FlagInit       os_flag.o
    0x08003874   0x0000027c   Code   RO         2673    i.OS_FlagPost       os_flag.o
    0x08003af0   0x00000056   Code   RO         2674    i.OS_FlagTaskRdy    os_flag.o
    0x08003b46   0x00000002   PAD
    0x08003b48   0x0000004c   Code   RO         2411    i.OS_IdleTask       os_core.o
    0x08003b94   0x00000070   Code   RO         2412    i.OS_IdleTaskInit   os_core.o
    0x08003c04   0x00000104   Code   RO         2746    i.OS_IntQPost       os_int.o
    0x08003d08   0x000001a4   Code   RO         2747    i.OS_IntQRePost     os_int.o
    0x08003eac   0x000000c8   Code   RO         2748    i.OS_IntQTask       os_int.o
    0x08003f74   0x00000128   Code   RO         2749    i.OS_IntQTaskInit   os_int.o
    0x0800409c   0x00000018   Code   RO         2780    i.OS_MemInit        os_mem.o
    0x080040b4   0x0000007c   Code   RO         2812    i.OS_MsgPoolInit    os_msg.o
    0x08004130   0x00000044   Code   RO         2813    i.OS_MsgQFreeAll    os_msg.o
    0x08004174   0x0000000e   Code   RO         2815    i.OS_MsgQInit       os_msg.o
    0x08004182   0x00000002   PAD
    0x08004184   0x00000104   Code   RO         2816    i.OS_MsgQPut        os_msg.o
    0x08004288   0x00000018   Code   RO         2856    i.OS_MutexInit      os_mutex.o
    0x080042a0   0x00000068   Code   RO         2413    i.OS_Pend           os_core.o
    0x08004308   0x00000026   Code   RO         2416    i.OS_PendDataInit   os_core.o
    0x0800432e   0x00000002   PAD
    0x08004330   0x0000005c   Code   RO         2417    i.OS_PendDbgNameAdd  os_core.o
    0x0800438c   0x00000024   Code   RO         2418    i.OS_PendDbgNameRemove  os_core.o
    0x080043b0   0x0000000a   Code   RO         2420    i.OS_PendListInit   os_core.o
    0x080043ba   0x00000066   Code   RO         2422    i.OS_PendListInsertPrio  os_core.o
    0x08004420   0x00000030   Code   RO         2423    i.OS_PendListRemove  os_core.o
    0x08004450   0x00000042   Code   RO         2424    i.OS_PendListRemove1  os_core.o
    0x08004492   0x000000c0   Code   RO         2427    i.OS_Post           os_core.o
    0x08004552   0x0000002a   Code   RO         2428    i.OS_Post1          os_core.o
    0x0800457c   0x00000028   Code   RO         2938    i.OS_PrioGetHighest  os_prio.o
    0x080045a4   0x00000018   Code   RO         2939    i.OS_PrioInit       os_prio.o
    0x080045bc   0x00000024   Code   RO         2940    i.OS_PrioInsert     os_prio.o
    0x080045e0   0x00000024   Code   RO         2941    i.OS_PrioRemove     os_prio.o
    0x08004604   0x00000018   Code   RO         2984    i.OS_QInit          os_q.o
    0x0800461c   0x00000188   Code   RO         2985    i.OS_QPost          os_q.o
    0x080047a4   0x00000024   Code   RO         2429    i.OS_RdyListInit    os_core.o
    0x080047c8   0x0000002c   Code   RO         2430    i.OS_RdyListInsert  os_core.o
    0x080047f4   0x00000040   Code   RO         2431    i.OS_RdyListInsertHead  os_core.o
    0x08004834   0x0000003c   Code   RO         2432    i.OS_RdyListInsertTail  os_core.o
    0x08004870   0x00000044   Code   RO         2433    i.OS_RdyListMoveHeadToTail  os_core.o
    0x080048b4   0x0000005c   Code   RO         2434    i.OS_RdyListRemove  os_core.o
    0x08004910   0x0000005c   Code   RO         2435    i.OS_Sched0         os_core.o
    0x0800496c   0x0000001c   Code   RO         2436    i.OS_SchedLockTimeMeasStart  os_core.o
    0x08004988   0x0000003c   Code   RO         2437    i.OS_SchedLockTimeMeasStop  os_core.o
    0x080049c4   0x000000ec   Code   RO         2438    i.OS_SchedRoundRobin  os_core.o
    0x08004ab0   0x00000030   Code   RO         3054    i.OS_SemDbgListAdd  os_sem.o
    0x08004ae0   0x00000018   Code   RO         3056    i.OS_SemInit        os_sem.o
    0x08004af8   0x00000198   Code   RO         3057    i.OS_SemPost        os_sem.o
    0x08004c90   0x000003b8   Code   RO         3121    i.OS_StatTask       os_stat.o
    0x08005048   0x000000cc   Code   RO         3122    i.OS_StatTaskInit   os_stat.o
    0x08005114   0x00000038   Code   RO         2439    i.OS_TaskBlock      os_core.o
    0x0800514c   0x00000030   Code   RO         3167    i.OS_TaskDbgListAdd  os_task.o
    0x0800517c   0x00000044   Code   RO         3168    i.OS_TaskDbgListRemove  os_task.o
    0x080051c0   0x00000020   Code   RO         3169    i.OS_TaskInit       os_task.o
    0x080051e0   0x000000d0   Code   RO         3170    i.OS_TaskInitTCB    os_task.o
    0x080052b0   0x0000026c   Code   RO         3171    i.OS_TaskQPost      os_task.o
    0x0800551c   0x0000001c   Code   RO         2440    i.OS_TaskRdy        os_core.o
    0x08005538   0x0000017c   Code   RO         3172    i.OS_TaskResume     os_task.o
    0x080056b4   0x00000018   Code   RO         3173    i.OS_TaskReturn     os_task.o
    0x080056cc   0x000005a8   Code   RO         3174    i.OS_TaskSemPost    os_task.o
    0x08005c74   0x00000190   Code   RO         3175    i.OS_TaskSuspend    os_task.o
    0x08005e04   0x00000028   Code   RO         3317    i.OS_TickListInit   os_tick.o
    0x08005e2c   0x000001bc   Code   RO         3318    i.OS_TickListInsert  os_tick.o
    0x08005fe8   0x00000038   Code   RO         3319    i.OS_TickListRemove  os_tick.o
    0x08006020   0x00000024   Code   RO         3320    i.OS_TickListResetPeak  os_tick.o
    0x08006044   0x00000220   Code   RO         3321    i.OS_TickListUpdate  os_tick.o
    0x08006264   0x0000002c   Code   RO         3322    i.OS_TickTask       os_tick.o
    0x08006290   0x000000b8   Code   RO         3323    i.OS_TickTaskInit   os_tick.o
    0x08006348   0x00000028   Code   RO         3414    i.OS_TmrDbgListAdd  os_tmr.o
    0x08006370   0x00000128   Code   RO         3416    i.OS_TmrInit        os_tmr.o
    0x08006498   0x000000d0   Code   RO         3417    i.OS_TmrLink        os_tmr.o
    0x08006568   0x00000024   Code   RO         3418    i.OS_TmrResetPeak   os_tmr.o
    0x0800658c   0x000000c0   Code   RO         3419    i.OS_TmrTask        os_tmr.o
    0x0800664c   0x00000050   Code   RO         3420    i.OS_TmrUnlink      os_tmr.o
    0x0800669c   0x00000020   Code   RO          781    i.RCC_APB1PeriphClockCmd  stm32f10x_rcc.o
    0x080066bc   0x00000020   Code   RO          782    i.RCC_APB1PeriphResetCmd  stm32f10x_rcc.o
    0x080066dc   0x00000020   Code   RO          783    i.RCC_APB2PeriphClockCmd  stm32f10x_rcc.o
    0x080066fc   0x00000020   Code   RO          784    i.RCC_APB2PeriphResetCmd  stm32f10x_rcc.o
    0x0800671c   0x000000d4   Code   RO          791    i.RCC_GetClocksFreq  stm32f10x_rcc.o
    0x080067f0   0x00000002   Code   RO          233    i.SVC_Handler       stm32f10x_it.o
    0x080067f2   0x00000008   Code   RO          305    i.SetSysClock       system_stm32f10x.o
    0x080067fa   0x00000002   PAD
    0x080067fc   0x000000e0   Code   RO          306    i.SetSysClockTo72   system_stm32f10x.o
    0x080068dc   0x00000028   Code   RO          609    i.SysTick_CLKSourceConfig  misc.o
    0x08006904   0x0000001c   Code   RO          402    i.SysTick_Handler   delay.o
    0x08006920   0x00000060   Code   RO          308    i.SystemInit        system_stm32f10x.o
    0x08006980   0x00000034   Code   RO          351    i.TIM3_IRQHandler   timer.o
    0x080069b4   0x00000068   Code   RO          352    i.TIM3_Int_Init     timer.o
    0x08006a1c   0x00000006   Code   RO         1170    i.TIM_ClearITPendingBit  stm32f10x_tim.o
    0x08006a22   0x00000018   Code   RO         1175    i.TIM_Cmd           stm32f10x_tim.o
    0x08006a3a   0x00000022   Code   RO         1196    i.TIM_GetITStatus   stm32f10x_tim.o
    0x08006a5c   0x00000012   Code   RO         1200    i.TIM_ITConfig      stm32f10x_tim.o
    0x08006a6e   0x00000004   Code   RO         1240    i.TIM_SetCounter    stm32f10x_tim.o
    0x08006a72   0x00000002   PAD
    0x08006a74   0x000000a4   Code   RO         1246    i.TIM_TimeBaseInit  stm32f10x_tim.o
    0x08006b18   0x000000b0   Code   RO          481    i.USART1_IRQHandler  usart.o
    0x08006bc8   0x00000020   Code   RO          482    i.USART1_send_byte  usart.o
    0x08006be8   0x00000070   Code   RO          544    i.USART3_IRQHandler  usart3.o
    0x08006c58   0x00000018   Code   RO          983    i.USART_Cmd         stm32f10x_usart.o
    0x08006c70   0x0000009c   Code   RO          985    i.USART_DeInit      stm32f10x_usart.o
    0x08006d0c   0x0000001a   Code   RO          986    i.USART_GetFlagStatus  stm32f10x_usart.o
    0x08006d26   0x00000054   Code   RO          987    i.USART_GetITStatus  stm32f10x_usart.o
    0x08006d7a   0x0000004a   Code   RO          989    i.USART_ITConfig    stm32f10x_usart.o
    0x08006dc4   0x000000d8   Code   RO          990    i.USART_Init        stm32f10x_usart.o
    0x08006e9c   0x0000000a   Code   RO          997    i.USART_ReceiveData  stm32f10x_usart.o
    0x08006ea6   0x0000002e   Code   RO          483    i.USART_Send        usart.o
    0x08006ed4   0x00000008   Code   RO         1000    i.USART_SendData    stm32f10x_usart.o
    0x08006edc   0x00000004   Code   RO          234    i.UsageFault_Handler  stm32f10x_it.o
    0x08006ee0   0x00000028   Code   RO         3867    i.__ARM_fpclassify  m_ws.l(fpclassify.o)
    0x08006f08   0x0000000e   Code   RO         3744    i._is_digit         c_w.l(__printf_wp.o)
    0x08006f16   0x00000006   Code   RO          484    i._sys_exit         usart.o
    0x08006f1c   0x00000070   Code   RO          403    i.delay_init        delay.o
    0x08006f8c   0x00000050   Code   RO          404    i.delay_ms          delay.o
    0x08006fdc   0x0000000a   Code   RO          405    i.delay_osschedlock  delay.o
    0x08006fe6   0x0000000a   Code   RO          406    i.delay_osschedunlock  delay.o
    0x08006ff0   0x00000010   Code   RO          407    i.delay_ostimedly   delay.o
    0x08007000   0x0000005c   Code   RO          408    i.delay_us          delay.o
    0x0800705c   0x0000019c   Code   RO          373    i.gprs_join_server  sim800c.o
    0x080071f8   0x0000001e   Code   RO            1    i.gprs_task         main.o
    0x08007216   0x00000002   PAD
    0x08007218   0x00000140   Code   RO            2    i.main              main.o
    0x08007358   0x0000001c   Code   RO          486    i.send_com          usart.o
    0x08007374   0x00000034   Code   RO          374    i.sim800c_check_cmd  sim800c.o
    0x080073a8   0x00000084   Code   RO          375    i.sim800c_send_cmd  sim800c.o
    0x0800742c   0x00000230   Code   RO            3    i.start_task        main.o
    0x0800765c   0x00000002   Code   RO            4    i.tmr1_callback     main.o
    0x0800765e   0x00000002   Code   RO            5    i.tmr2_callback     main.o
    0x08007660   0x00000050   Code   RO          545    i.u3_printf         usart3.o
    0x080076b0   0x000000a0   Code   RO          487    i.uart_init         usart.o
    0x08007750   0x00000090   Code   RO            6    i.usart1_task       main.o
    0x080077e0   0x000000b8   Code   RO          547    i.usart3_init       usart3.o
    0x08007898   0x00000038   Code   RO            7    i.usart3_task       main.o
    0x080078d0   0x0000002c   Code   RO         3850    locale$$code        c_w.l(lc_numeric_c.o)
    0x080078fc   0x0000002c   Code   RO         3877    locale$$code        c_w.l(lc_ctype_c.o)
    0x08007928   0x00000004   Code   RO         3779    x$fpl$printf1       fz_ws.l(printf1.o)
    0x0800792c   0x00000000   Code   RO         3866    x$fpl$usenofp       fz_ws.l(usenofp.o)
    0x0800792c   0x000000a4   Data   RO         2380    .constdata          os_cfg_app.o
    0x080079d0   0x0000016c   Data   RO         2648    .constdata          os_dbg.o
    0x08007b3c   0x00000008   Data   RO         3703    .constdata          c_w.l(_printf_wctomb.o)
    0x08007b44   0x00000028   Data   RO         3732    .constdata          c_w.l(_printf_hex_int_ll_ptr.o)
    0x08007b6c   0x00000011   Data   RO         3752    .constdata          c_w.l(__printf_flags_ss_wp.o)
    0x08007b7d   0x00000003   PAD
    0x08007b80   0x00000094   Data   RO         3825    .constdata          c_w.l(bigflt0.o)
    0x08007c14   0x00000020   Data   RO         3994    Region$$Table       anon$$obj.o
    0x08007c34   0x0000001c   Data   RO         3849    locale$$data        c_w.l(lc_numeric_c.o)
    0x08007c50   0x00000110   Data   RO         3876    locale$$data        c_w.l(lc_ctype_c.o)


    Execution Region ER_RW (Base: 0x20000000, Size: 0x0000012c, Max: 0xffffffff, ABSOLUTE, COMPRESSED[0x0000001c])

    Base Addr    Size         Type   Attr      Idx    E Section Name        Object

    0x20000000   0x00000014   Data   RW          309    .data               system_stm32f10x.o
    0x20000014   0x00000004   Data   RW          409    .data               delay.o
    0x20000018   0x00000006   Data   RW          489    .data               usart.o
    0x2000001e   0x00000003   Data   RW          549    .data               usart3.o
    0x20000021   0x00000014   Data   RW          811    .data               stm32f10x_rcc.o
    0x20000035   0x00000003   PAD
    0x20000038   0x0000001c   Data   RW         1768    .data               cpu_core.o
    0x20000054   0x00000004   Data   RW         2942    .data               os_prio.o
    0x20000058   0x000000d0   Data   RW         3498    .data               os_var.o
    0x20000128   0x00000004   Data   RW         3525    .data               os_cpu_c.o


    Execution Region ER_ZI (Base: 0x2000012c, Size: 0x0000379c, Max: 0xffffffff, ABSOLUTE)

    Base Addr    Size         Type   Attr      Idx    E Section Name        Object

    0x2000012c   0x000011b0   Zero   RW            8    .bss                main.o
    0x200012dc   0x000000c8   Zero   RW          488    .bss                usart.o
    0x200013a4   0x000004b0   Zero   RW          548    .bss                usart3.o
    0x20001854   0x00000010   Zero   RW         1766    .bss                cpu_core.o
    0x20001864   0x00001490   Zero   RW         2379    .bss                os_cfg_app.o
    0x20002cf4   0x00000574   Zero   RW         3497    .bss                os_var.o
    0x20003268   0x00000060   Zero   RW         3870    .bss                c_w.l(libspace.o)
    0x200032c8   0x00000200   Zero   RW          599    HEAP                startup_stm32f10x_hd.o
    0x200034c8   0x00000400   Zero   RW          598    STACK               startup_stm32f10x_hd.o


==============================================================================

Image component sizes


      Code (inc. data)   RO Data    RW Data    ZI Data      Debug   Object Name

        80         14          0          0          0       1482   bsp.o
        52          0          0          0          0        336   cpu_a.o
       540         98          0         28         16      16205   cpu_core.o
       348         44          0          4          0       3733   delay.o
        92         14          0          0          0        519   led.o
       116          0          0          0          0       1840   lib_mem.o
      1114        196          0          0       4528     298926   main.o
       172         22          0          0          0       2017   misc.o
         2          0        164          0       5264      20914   os_cfg_app.o
      3114        424          0          0          0      20374   os_core.o
       152         32          0          0          0        392   os_cpu_a.o
       544         60          0          4          0       6784   os_cpu_c.o
       436        286        364          0          0       4765   os_dbg.o
       746         28          0          0          0       2965   os_flag.o
      1176        204          0          0          0       3342   os_int.o
        24         10          0          0          0        841   os_mem.o
       466         26          0          0          0       3121   os_msg.o
        24         10          0          0          0        847   os_mutex.o
       136         16          0          4          0       2734   os_prio.o
       416         20          0          0          0       2122   os_q.o
       708         42          0          0          0       3431   os_sem.o
      1772        214          0          0          0       3943   os_stat.o
      5460        260          0          0          0      13272   os_task.o
      1348        124          0          0          0       5281   os_tick.o
       960         46          0          0          0       2981   os_time.o
      1156        158          0          0          0       5537   os_tmr.o
         0          0          0        208       1396      19469   os_var.o
       596        258          0          0          0       2462   sim800c.o
        64         26        304          0       1536        792   startup_stm32f10x_hd.o
       278          0          0          0          0       1932   stm32f10x_gpio.o
        22          0          0          0          0       2811   stm32f10x_it.o
       340         44          0         20          0       5512   stm32f10x_rcc.o
       250         42          0          0          0       4003   stm32f10x_tim.o
       598         28          0          0          0       6608   stm32f10x_usart.o
         0          0          0          0          0         32   sys.o
       328         28          0         20          0       2037   system_stm32f10x.o
       156         14          0          0          0       1114   timer.o
       448         30          0          6        200       5315   usart.o
       376         40          0          3       1200       3256   usart3.o

    ----------------------------------------------------------------------
     24626       2858        864        300      14140     484047   Object Totals
         0          0         32          0          0          0   (incl. Generated)
        16          0          0          3          0          0   (incl. Padding)

    ----------------------------------------------------------------------

      Code (inc. data)   RO Data    RW Data    ZI Data      Debug   Library Member Name

        90          0          0          0          0          0   __dczerorl2.o
         8          0          0          0          0         68   __main.o
       392          4         17          0          0         92   __printf_flags_ss_wp.o
        14          0          0          0          0         68   __printf_wp.o
         0          0          0          0          0          0   __rtentry.o
        12          0          0          0          0          0   __rtentry2.o
         6          0          0          0          0          0   __rtentry4.o
        52          8          0          0          0          0   __scatter.o
        28          0          0          0          0          0   __scatter_zi.o
         6          0          0          0          0          0   _printf_a.o
         6          0          0          0          0          0   _printf_c.o
        44          0          0          0          0        108   _printf_char.o
        48          6          0          0          0         96   _printf_char_common.o
        40          0          0          0          0         68   _printf_charcount.o
         6          0          0          0          0          0   _printf_d.o
       120         16          0          0          0         92   _printf_dec.o
         6          0          0          0          0          0   _printf_e.o
         6          0          0          0          0          0   _printf_f.o
      1050          0          0          0          0        216   _printf_fp_dec.o
       128         16          0          0          0         84   _printf_fp_infnan.o
         6          0          0          0          0          0   _printf_g.o
       148          4         40          0          0        160   _printf_hex_int_ll_ptr.o
         6          0          0          0          0          0   _printf_i.o
       178          0          0          0          0         88   _printf_intcommon.o
        10          0          0          0          0          0   _printf_l.o
         6          0          0          0          0          0   _printf_lc.o
        10          0          0          0          0          0   _printf_ll.o
         6          0          0          0          0          0   _printf_lld.o
         6          0          0          0          0          0   _printf_lli.o
         6          0          0          0          0          0   _printf_llo.o
         6          0          0          0          0          0   _printf_llu.o
         6          0          0          0          0          0   _printf_llx.o
       124         16          0          0          0         92   _printf_longlong_dec.o
         6          0          0          0          0          0   _printf_ls.o
         6          0          0          0          0          0   _printf_n.o
         6          0          0          0          0          0   _printf_o.o
       112          8          0          0          0        124   _printf_oct_int_ll.o
         6          0          0          0          0          0   _printf_p.o
        78          0          0          0          0        108   _printf_pad.o
         0          0          0          0          0          0   _printf_percent.o
         4          0          0          0          0          0   _printf_percent_end.o
         6          0          0          0          0          0   _printf_s.o
        82          0          0          0          0         80   _printf_str.o
        36          0          0          0          0         84   _printf_truncate.o
         6          0          0          0          0          0   _printf_u.o
        44          0          0          0          0        108   _printf_wchar.o
       188          6          8          0          0         92   _printf_wctomb.o
         6          0          0          0          0          0   _printf_x.o
        10          0          0          0          0         68   _sputc.o
        64          0          0          0          0         92   _wcrtomb.o
       220          4        148          0          0         96   bigflt0.o
      1910        128          0          0          0        672   btod.o
        36          4          0          0          0         76   c89vsprintf.o
        12          0          0          0          0         72   exit.o
         6          0          0          0          0        152   heapauxi.o
        44         10        272          0          0         76   lc_ctype_c.o
        44         10         28          0          0         76   lc_numeric_c.o
         2          0          0          0          0          0   libinit.o
        30          0          0          0          0          0   libinit2.o
         2          0          0          0          0          0   libshutdown.o
         2          0          0          0          0          0   libshutdown2.o
         8          4          0          0         96         68   libspace.o
       138          0          0          0          0         80   lludiv10.o
        16          4          0          0          0         76   rt_ctype_table.o
         8          4          0          0          0         68   rt_locale_intlibspace.o
         2          0          0          0          0          0   rtexit.o
        10          0          0          0          0          0   rtexit2.o
       128          0          0          0          0         68   strcmpv7m.o
        62          0          0          0          0         76   strlen.o
        36          0          0          0          0         80   strstr.o
        74          0          0          0          0         80   sys_stackheap_outer.o
         2          0          0          0          0         68   use_no_semi.o
         2          0          0          0          0         68   use_no_semi_2.o
         4          0          0          0          0         68   printf1.o
         0          0          0          0          0          0   usenofp.o
        40          0          0          0          0         68   fpclassify.o

    ----------------------------------------------------------------------
      6090        252        516          0         96       4076   Library Totals
        12          0          3          0          0          0   (incl. Padding)

    ----------------------------------------------------------------------

      Code (inc. data)   RO Data    RW Data    ZI Data      Debug   Library Name

      6034        252        513          0         96       3940   c_w.l
         4          0          0          0          0         68   fz_ws.l
        40          0          0          0          0         68   m_ws.l

    ----------------------------------------------------------------------
      6090        252        516          0         96       4076   Library Totals

    ----------------------------------------------------------------------

==============================================================================


      Code (inc. data)   RO Data    RW Data    ZI Data      Debug   

     30716       3110       1380        300      14236     476679   Grand Totals
     30716       3110       1380         28      14236     476679   ELF Image Totals (compressed)
     30716       3110       1380         28          0          0   ROM Totals

==============================================================================

    Total RO  Size (Code + RO Data)                32096 (  31.34kB)
    Total RW  Size (RW Data + ZI Data)             14536 (  14.20kB)
    Total ROM Size (Code + RO Data + RW Data)      32124 (  31.37kB)

==============================================================================

