<html>
<body>
<pre>
<h1>礦ision Build Log</h1>
<h2>Tool Versions:</h2>
IDE-Version: μVision V5.14.0.0
Copyright (C) 2015 ARM Ltd and ARM Germany GmbH. All rights reserved.
License Information: peng liang, UPC, LIC=FYKJJ-UXH8C-H8GFS-LXG9H-FT85D-H93K1
 
Tool Versions:
Toolchain:       MDK-ARM Standard  Version: 5.14.0.0
Toolchain Path:  C:\Keil_v5\ARM\ARMCC\Bin
C Compiler:      Armcc.exe V5.05 update 1 (build 106)
Assembler:       Armasm.exe V5.05 update 1 (build 106)
Linker/Locator:  ArmLink.exe V5.05 update 1 (build 106)
Library Manager: ArmAr.exe V5.05 update 1 (build 106)
Hex Converter:   FromElf.exe V5.05 update 1 (build 106)
CPU DLL:         SARMCM3.DLL V5.14.0.0
Dialog DLL:      DCM.DLL V1.13.1.0
Target DLL:      Segger\JL2CM3.dll V2.99.13.0
Dialog DLL:      TCM.DLL V1.14.4.0
 
<h2>Project:</h2>
C:\Users\pengliang\Desktop\UCOSIII学习模板4.18\USER\LED.uvprojx
Project File Date:  05/24/2018

<h2>Output:</h2>
Build target 'LED'
compiling main.c...
main.c(221): warning:  #177-D: variable "ts" was declared but never referenced
      CPU_TS ts;
main.c(250): warning:  #177-D: variable "t" was declared but never referenced
        u8 t;
main.c(297): warning:  #177-D: variable "err" was declared but never referenced
        OS_ERR err;
main.c: 3 warnings, 0 errors
linking...
Program Size: Code=30716 RO-data=1380 RW-data=300 ZI-data=14236  
FromELF: creating hex file...
"..\OBJ\LED.axf" - 0 Error(s), 3 Warning(s).

<h2>Collection of Component include folders:</h2>
  C:\Users\pengliang\Desktop\UCOSIII学习模板4.18\USER\RTE
  C:\Keil_v5\ARM\PACK\Keil\STM32F1xx_DFP\1.0.5\Device\Include

<h2>Collection of Component Files used:</h2>
</pre>
</body>
</html>
